2026-02-19 23:10:27.594213: I tensorflow/core/util/port.cc:113] oneDNN custom operations are on. You may see slightly different numerical results due to floating-point round-off errors from different computation orders. To turn them off, set the environment variable `TF_ENABLE_ONEDNN_OPTS=0`.
2026-02-19 23:10:27.796325: E external/local_xla/xla/stream_executor/cuda/cuda_dnn.cc:9261] Unable to register cuDNN factory: Attempting to register factory for plugin cuDNN when one has already been registered
2026-02-19 23:10:27.796386: E external/local_xla/xla/stream_executor/cuda/cuda_fft.cc:607] Unable to register cuFFT factory: Attempting to register factory for plugin cuFFT when one has already been registered
2026-02-19 23:10:27.846498: E external/local_xla/xla/stream_executor/cuda/cuda_blas.cc:1515] Unable to register cuBLAS factory: Attempting to register factory for plugin cuBLAS when one has already been registered
2026-02-19 23:10:27.958834: I tensorflow/core/platform/cpu_feature_guard.cc:182] This TensorFlow binary is optimized to use available CPU instructions in performance-critical operations.
To enable the following instructions: AVX2 AVX_VNNI FMA, in other operations, rebuild TensorFlow with the appropriate compiler flags.
2026-02-19 23:10:29.329278: W tensorflow/compiler/tf2tensorrt/utils/py_utils.cc:38] TF-TRT Warning: Could not find TensorRT

==========================================================================================
  🚀 NEPHELE TASK 3 - ALGORITHM TRAINING & EVALUATION
==========================================================================================

Timestamp: 2026-02-19 23:10:30
Output directory: /home/jsfakian/Documents/src/Django---Hotel-Management-System/task3-algorithms/task3-algorithms/models

──────────────────────────────────────────────────────────────────────────────────────────
  STEP 1: LOAD REAL DATA
──────────────────────────────────────────────────────────────────────────────────────────

📊 Loading Airbnb data from all cities...

  Loading new-york-city...
    ✓ Listings: 36,261 records
    ✓ Calendar: 13,235,283 records
    ✓ Reviews: 991,640 records
  Loading london...
    ✓ Listings: 96,871 records
    ✓ Calendar: 35,357,974 records
    ✓ Reviews: 2,097,996 records
  Loading barcelona...
    ✓ Listings: 19,410 records
    ✓ Calendar: 7,084,654 records
    ✓ Reviews: 1,019,270 records

✅ Loaded data from 3 cities

📈 Preparing pricing data...

📈 Preparing pricing training data...
  Processing new-york-city...
  Processing london...
  Processing barcelona...
  ✓ Prepared 0 pricing records
  ✓ 0 pricing records

🔍 Preparing recommendation data...

🔍 Preparing recommendation training data...
  Processing new-york-city...
  Processing london...
  Processing barcelona...
  ✓ Prepared 4,108,906 interactions
  ✓ Prepared 152,542 items
  ✓ 4,108,906 interaction records
  ✓ 152,542 item features
⚠️  No pricing data available
2026-02-19 23:13:33.570651: I tensorflow/core/util/port.cc:113] oneDNN custom operations are on. You may see slightly different numerical results due to floating-point round-off errors from different computation orders. To turn them off, set the environment variable `TF_ENABLE_ONEDNN_OPTS=0`.
2026-02-19 23:13:33.594982: E external/local_xla/xla/stream_executor/cuda/cuda_dnn.cc:9261] Unable to register cuDNN factory: Attempting to register factory for plugin cuDNN when one has already been registered
2026-02-19 23:13:33.595004: E external/local_xla/xla/stream_executor/cuda/cuda_fft.cc:607] Unable to register cuFFT factory: Attempting to register factory for plugin cuFFT when one has already been registered
2026-02-19 23:13:33.595984: E external/local_xla/xla/stream_executor/cuda/cuda_blas.cc:1515] Unable to register cuBLAS factory: Attempting to register factory for plugin cuBLAS when one has already been registered
2026-02-19 23:13:33.600704: I tensorflow/core/platform/cpu_feature_guard.cc:182] This TensorFlow binary is optimized to use available CPU instructions in performance-critical operations.
To enable the following instructions: AVX2 AVX_VNNI FMA, in other operations, rebuild TensorFlow with the appropriate compiler flags.
2026-02-19 23:13:34.142887: W tensorflow/compiler/tf2tensorrt/utils/py_utils.cc:38] TF-TRT Warning: Could not find TensorRT
Traceback (most recent call last):
  File "/home/jsfakian/Documents/src/Django---Hotel-Management-System/task3-algorithms/train_all.py", line 258, in main
    trainer.run_full_pipeline()
  File "/home/jsfakian/Documents/src/Django---Hotel-Management-System/task3-algorithms/train_all.py", line 64, in run_full_pipeline
    pricing_results = self._train_pricing(pricing_df)
  File "/home/jsfakian/Documents/src/Django---Hotel-Management-System/task3-algorithms/train_all.py", line 141, in _train_pricing
    algorithms, results, X_train, X_test, y_train, y_test = trainer.train_all_models(pricing_df)
  File "/home/jsfakian/Documents/src/Django---Hotel-Management-System/task3-algorithms/train_pricing.py", line 87, in train_all_models
    X, y, feature_cols = self.prepare_features(pricing_df)
  File "/home/jsfakian/Documents/src/Django---Hotel-Management-System/task3-algorithms/train_pricing.py", line 70, in prepare_features
    X = df_processed[feature_cols]
  File "/home/jsfakian/.local/lib/python3.10/site-packages/pandas/core/frame.py", line 3899, in __getitem__
    indexer = self.columns._get_indexer_strict(key, "columns")[1]
  File "/home/jsfakian/.local/lib/python3.10/site-packages/pandas/core/indexes/base.py", line 6115, in _get_indexer_strict
    self._raise_if_missing(keyarr, indexer, axis_name)
  File "/home/jsfakian/.local/lib/python3.10/site-packages/pandas/core/indexes/base.py", line 6179, in _raise_if_missing
    raise KeyError(f"{not_found} not in index")
KeyError: "['available_binary'] not in index"

==========================================================================================
  🚀 NEPHELE TASK 3 - ALGORITHM TRAINING & EVALUATION
==========================================================================================

Timestamp: 2026-02-19 23:13:34
Output directory: /home/jsfakian/Documents/src/Django---Hotel-Management-System/task3-algorithms/task3-algorithms/models

──────────────────────────────────────────────────────────────────────────────────────────
  STEP 1: LOAD REAL DATA
──────────────────────────────────────────────────────────────────────────────────────────

📊 Loading Airbnb data from all cities...

  Loading new-york-city...
    ✓ Listings: 36,261 records
    ✓ Calendar: 13,235,283 records
    ✓ Reviews: 991,640 records
  Loading london...
    ✓ Listings: 96,871 records
    ✓ Calendar: 35,357,974 records
    ✓ Reviews: 2,097,996 records
  Loading barcelona...
    ✓ Listings: 19,410 records
    ✓ Calendar: 7,084,654 records
    ✓ Reviews: 1,019,270 records

✅ Loaded data from 3 cities

📈 Attempting to load pricing data...

📈 Preparing pricing training data...
  Processing new-york-city...
    ⚠️  No valid pricing data in new-york-city
  Processing london...
    ✓ 61,144 records from london
  Processing barcelona...
    ✓ 15,061 records from barcelona
  ✓ Prepared 10,000 pricing records
  ✓ 10,000 real pricing records

🔍 Preparing recommendation data...

🔍 Preparing recommendation training data...
  Processing new-york-city...
  Processing london...
  Processing barcelona...
  ✓ Prepared 4,108,906 interactions
  ✓ Prepared 152,542 items
  ✓ 4,108,906 interaction records
  ✓ 152,542 item features

──────────────────────────────────────────────────────────────────────────────────────────
  STEP 2: TRAIN PRICING ALGORITHMS
──────────────────────────────────────────────────────────────────────────────────────────

Starting pricing model training...

================================================================================
📊 PRICING MODEL TRAINING PIPELINE
================================================================================

Dataset size: 10,000 records
Price range: $11.00 - $999.00
Mean price: $169.92

🔧 Preparing features...

❌ Training failed: "['available_binary'] not in index"
