INFO 2026-02-20 00:26:43,060 autoreload 11 134646628326272 Watching for file changes with StatReloader
INFO 2026-02-20 00:26:44,579 basehttp 11 134646536857280 "GET /api/v1/schema/ HTTP/1.1" 200 237346
WARNING 2026-02-20 00:26:46,739 basehttp 11 134646536857280 "GET / HTTP/1.1" 404 2607
WARNING 2026-02-20 00:26:46,984 basehttp 11 134646536857280 "GET /favicon.ico HTTP/1.1" 404 2658
INFO 2026-02-20 00:26:56,404 basehttp 11 134646536857280 "GET /admin HTTP/1.1" 301 0
INFO 2026-02-20 00:26:56,548 basehttp 11 134646536857280 "GET /admin/ HTTP/1.1" 302 0
INFO 2026-02-20 00:26:56,589 basehttp 11 134646536857280 "GET /admin/login/?next=/admin/ HTTP/1.1" 200 4181
INFO 2026-02-20 00:26:56,700 basehttp 11 134646536857280 "GET /static/admin/css/base.css HTTP/1.1" 200 21207
INFO 2026-02-20 00:26:56,748 basehttp 11 134646536857280 "GET /static/admin/css/responsive.css HTTP/1.1" 200 18533
INFO 2026-02-20 00:26:56,776 basehttp 11 134646520075968 "GET /static/admin/css/dark_mode.css HTTP/1.1" 200 2929
INFO 2026-02-20 00:26:56,802 basehttp 11 134646503290560 "GET /static/admin/js/theme.js HTTP/1.1" 200 1943
INFO 2026-02-20 00:26:56,802 basehttp 11 134646511683264 "GET /static/admin/css/nav_sidebar.css HTTP/1.1" 200 2694
INFO 2026-02-20 00:26:56,805 basehttp 11 134646150985408 "GET /static/admin/js/nav_sidebar.js HTTP/1.1" 200 3063
INFO 2026-02-20 00:26:56,806 basehttp 11 134646142592704 "GET /static/admin/css/login.css HTTP/1.1" 200 958
WARNING 2026-02-20 00:27:19,793 basehttp 11 134646142592704 "GET / HTTP/1.1" 404 2607
INFO 2026-02-20 00:27:19,796 basehttp 11 134646150985408 "GET /admin/login/?next=/admin/ HTTP/1.1" 200 4181
INFO 2026-02-20 00:27:27,902 basehttp 11 134646503290560 "GET /api/v1 HTTP/1.1" 301 0
INFO 2026-02-20 00:27:27,957 basehttp 11 134646511683264 "GET /api/v1/ HTTP/1.1" 200 6975
INFO 2026-02-20 00:27:28,063 basehttp 11 134646536857280 "GET /static/rest_framework/css/bootstrap-tweaks.css HTTP/1.1" 200 3385
INFO 2026-02-20 00:27:28,063 basehttp 11 134646142592704 "GET /static/rest_framework/css/bootstrap.min.css HTTP/1.1" 200 121457
INFO 2026-02-20 00:27:28,077 basehttp 11 134646511683264 "GET /static/rest_framework/css/default.css HTTP/1.1" 200 1152
INFO 2026-02-20 00:27:28,078 basehttp 11 134646520075968 "GET /static/rest_framework/css/prettify.css HTTP/1.1" 200 817
INFO 2026-02-20 00:27:28,090 basehttp 11 134646536857280 "GET /static/rest_framework/js/ajax-form.js HTTP/1.1" 200 3597
INFO 2026-02-20 00:27:28,137 basehttp 11 134646142592704 "GET /static/rest_framework/js/csrf.js HTTP/1.1" 200 1719
INFO 2026-02-20 00:27:28,137 basehttp 11 134646536857280 "GET /static/rest_framework/js/prettify-min.js HTTP/1.1" 200 13632
INFO 2026-02-20 00:27:28,138 basehttp 11 134646520075968 "GET /static/rest_framework/js/bootstrap.min.js HTTP/1.1" 200 39680
INFO 2026-02-20 00:27:28,138 basehttp 11 134646511683264 "GET /static/rest_framework/js/default.js HTTP/1.1" 200 1268
INFO 2026-02-20 00:27:28,166 basehttp 11 134646142592704 "GET /static/rest_framework/img/grid.png HTTP/1.1" 200 1458
INFO 2026-02-20 00:27:28,183 basehttp 11 134646503290560 "GET /static/rest_framework/js/jquery-3.5.1.min.js HTTP/1.1" 200 89476
INFO 2026-02-20 00:28:35,623 basehttp 11 134646150985408 "POST /api/v1/auth/register/ HTTP/1.1" 201 63
INFO 2026-02-20 00:28:35,709 basehttp 11 134646150985408 "POST /api/v1/auth/login/ HTTP/1.1" 200 483
WARNING 2026-02-20 00:28:38,621 basehttp 11 134646150985408 "GET / HTTP/1.1" 404 2607
INFO 2026-02-20 00:31:07,516 autoreload 11 134646628326272 /app/HMS/HMS/urls.py changed, reloading.
INFO 2026-02-20 00:31:08,092 autoreload 49 134880593587072 Watching for file changes with StatReloader
INFO 2026-02-20 00:31:09,300 autoreload 49 134880593587072 /app/HMS/HMS/urls.py changed, reloading.
INFO 2026-02-20 00:31:09,783 autoreload 51 128548631456640 Watching for file changes with StatReloader
INFO 2026-02-20 00:33:17,046 autoreload 12 134338905504640 Watching for file changes with StatReloader
INFO 2026-02-20 00:33:17,315 basehttp 12 134338814404288 "GET /healthz/ HTTP/1.1" 200 34
INFO 2026-02-20 00:33:21,400 basehttp 12 134338814404288 "GET /healthz/ HTTP/1.1" 200 34
INFO 2026-02-20 00:33:31,557 basehttp 12 134338814404288 "GET /healthz/ HTTP/1.1" 200 34
INFO 2026-02-20 00:33:41,715 basehttp 12 134338814404288 "GET /healthz/ HTTP/1.1" 200 34
INFO 2026-02-20 00:33:51,884 basehttp 12 134338814404288 "GET /healthz/ HTTP/1.1" 200 34
INFO 2026-02-20 00:34:02,041 basehttp 12 134338814404288 "GET /healthz/ HTTP/1.1" 200 34
INFO 2026-02-20 00:34:12,196 basehttp 12 134338814404288 "GET /healthz/ HTTP/1.1" 200 34
INFO 2026-02-20 00:34:22,351 basehttp 12 134338814404288 "GET /healthz/ HTTP/1.1" 200 34
INFO 2026-02-20 00:34:32,513 basehttp 12 134338814404288 "GET /healthz/ HTTP/1.1" 200 34
INFO 2026-02-20 00:34:42,678 basehttp 12 134338814404288 "GET /healthz/ HTTP/1.1" 200 34
INFO 2026-02-20 00:34:52,837 basehttp 12 134338814404288 "GET /healthz/ HTTP/1.1" 200 34
INFO 2026-02-20 00:35:03,004 basehttp 12 134338814404288 "GET /healthz/ HTTP/1.1" 200 34
INFO 2026-02-20 00:35:13,158 basehttp 12 134338814404288 "GET /healthz/ HTTP/1.1" 200 34
INFO 2026-02-20 00:35:23,316 basehttp 12 134338814404288 "GET /healthz/ HTTP/1.1" 200 34
INFO 2026-02-20 00:35:33,478 basehttp 12 134338814404288 "GET /healthz/ HTTP/1.1" 200 34
INFO 2026-02-20 00:35:43,626 basehttp 12 134338814404288 "GET /healthz/ HTTP/1.1" 200 34
INFO 2026-02-20 00:35:53,775 basehttp 12 134338814404288 "GET /healthz/ HTTP/1.1" 200 34
INFO 2026-02-20 00:36:03,940 basehttp 12 134338814404288 "GET /healthz/ HTTP/1.1" 200 34
INFO 2026-02-20 00:36:14,108 basehttp 12 134338814404288 "GET /healthz/ HTTP/1.1" 200 34
INFO 2026-02-20 00:36:24,265 basehttp 12 134338814404288 "GET /healthz/ HTTP/1.1" 200 34
INFO 2026-02-20 00:36:34,421 basehttp 12 134338814404288 "GET /healthz/ HTTP/1.1" 200 34
INFO 2026-02-20 00:36:44,575 basehttp 12 134338814404288 "GET /healthz/ HTTP/1.1" 200 34
INFO 2026-02-20 00:36:54,733 basehttp 12 134338814404288 "GET /healthz/ HTTP/1.1" 200 34
INFO 2026-02-20 00:37:04,886 basehttp 12 134338814404288 "GET /healthz/ HTTP/1.1" 200 34
INFO 2026-02-20 00:37:15,038 basehttp 12 134338814404288 "GET /healthz/ HTTP/1.1" 200 34
INFO 2026-02-20 00:37:25,198 basehttp 12 134338814404288 "GET /healthz/ HTTP/1.1" 200 34
INFO 2026-02-20 00:37:35,357 basehttp 12 134338814404288 "GET /healthz/ HTTP/1.1" 200 34
INFO 2026-02-20 00:37:45,507 basehttp 12 134338814404288 "GET /healthz/ HTTP/1.1" 200 34
INFO 2026-02-20 00:37:55,668 basehttp 12 134338814404288 "GET /healthz/ HTTP/1.1" 200 34
INFO 2026-02-20 00:37:59,451 autoreload 12 134338905504640 /app/HMS/HMS/urls.py changed, reloading.
INFO 2026-02-20 00:37:59,930 autoreload 223 129818212563840 Watching for file changes with StatReloader
INFO 2026-02-20 00:38:01,009 autoreload 223 129818212563840 /app/HMS/HMS/urls.py changed, reloading.
INFO 2026-02-20 00:38:01,521 autoreload 225 139913039178624 Watching for file changes with StatReloader
INFO 2026-02-20 00:39:24,627 autoreload 12 135211504774016 Watching for file changes with StatReloader
INFO 2026-02-20 00:39:31,995 basehttp 12 135211341838016 "GET /healthz/ HTTP/1.1" 200 34
INFO 2026-02-20 00:39:37,066 basehttp 12 135211341838016 "GET / HTTP/1.1" 200 1213
INFO 2026-02-20 00:39:37,101 basehttp 12 135211341838016 "GET /login/ HTTP/1.1" 200 4099
INFO 2026-02-20 00:39:37,114 basehttp 12 135211341838016 "HEAD /home/ HTTP/1.1" 302 0
INFO 2026-02-20 00:39:42,155 basehttp 12 135211341838016 "GET /healthz/ HTTP/1.1" 200 34
INFO 2026-02-20 00:39:52,316 basehttp 12 135211341838016 "GET /healthz/ HTTP/1.1" 200 34
INFO 2026-02-20 00:40:02,476 basehttp 12 135211341838016 "GET /healthz/ HTTP/1.1" 200 34
INFO 2026-02-20 00:40:12,639 basehttp 12 135211341838016 "GET /healthz/ HTTP/1.1" 200 34
INFO 2026-02-20 00:40:13,707 basehttp 12 135211341838016 "GET / HTTP/1.1" 200 1213
INFO 2026-02-20 00:40:22,795 basehttp 12 135211333445312 "GET /healthz/ HTTP/1.1" 200 34
INFO 2026-02-20 00:40:22,990 basehttp 12 135211341838016 "GET /login/ HTTP/1.1" 200 4099
INFO 2026-02-20 00:40:24,871 basehttp 12 135211341838016 "GET /static/images/hotel.jpg HTTP/1.1" 200 294985
INFO 2026-02-20 00:40:32,957 basehttp 12 135211333445312 "GET /healthz/ HTTP/1.1" 200 34
INFO 2026-02-20 00:40:43,122 basehttp 12 135211333445312 "GET /healthz/ HTTP/1.1" 200 34
INFO 2026-02-20 00:40:53,280 basehttp 12 135211333445312 "GET /healthz/ HTTP/1.1" 200 34
INFO 2026-02-20 00:40:57,397 basehttp 12 135211341838016 "POST /login/ HTTP/1.1" 302 0
INFO 2026-02-20 00:40:57,438 basehttp 12 135211341838016 "GET /home/ HTTP/1.1" 200 1581
INFO 2026-02-20 00:41:03,437 basehttp 12 135211333445312 "GET /healthz/ HTTP/1.1" 200 34
ERROR 2026-02-20 00:41:04,504 basehttp 12 135211341838016 "GET /properties/ HTTP/1.1" 500 98256
INFO 2026-02-20 00:41:12,113 basehttp 12 135211341838016 "GET /admin/ HTTP/1.1" 302 0
INFO 2026-02-20 00:41:12,164 basehttp 12 135211341838016 "GET /admin/login/?next=/admin/ HTTP/1.1" 200 3700
INFO 2026-02-20 00:41:12,529 basehttp 12 135211341838016 "GET /static/admin/css/base.css HTTP/1.1" 304 0
INFO 2026-02-20 00:41:12,555 basehttp 12 135211341838016 "GET /static/admin/css/responsive.css HTTP/1.1" 304 0
INFO 2026-02-20 00:41:12,620 basehttp 12 135211324004032 "GET /static/admin/css/nav_sidebar.css HTTP/1.1" 304 0
INFO 2026-02-20 00:41:12,620 basehttp 12 135211333445312 "GET /static/admin/css/login.css HTTP/1.1" 304 0
INFO 2026-02-20 00:41:12,621 basehttp 12 135211315611328 "GET /static/admin/js/nav_sidebar.js HTTP/1.1" 304 0
INFO 2026-02-20 00:41:12,622 basehttp 12 135211307218624 "GET /static/admin/js/theme.js HTTP/1.1" 304 0
INFO 2026-02-20 00:41:12,622 basehttp 12 135211298825920 "GET /static/admin/css/dark_mode.css HTTP/1.1" 304 0
INFO 2026-02-20 00:41:13,588 basehttp 12 135211290433216 "GET /healthz/ HTTP/1.1" 200 34
INFO 2026-02-20 00:41:15,894 basehttp 12 135211324004032 "GET /payments/history/ HTTP/1.1" 302 0
INFO 2026-02-20 00:41:15,946 basehttp 12 135211315611328 "GET /home/ HTTP/1.1" 200 1581
ERROR 2026-02-20 00:41:18,578 basehttp 12 135211298825920 "GET /notifications/ HTTP/1.1" 500 98611
INFO 2026-02-20 00:41:23,753 basehttp 12 135211290433216 "GET /healthz/ HTTP/1.1" 200 34
INFO 2026-02-20 00:41:33,912 basehttp 12 135211290433216 "GET /healthz/ HTTP/1.1" 200 34
INFO 2026-02-20 00:41:44,090 basehttp 12 135211307218624 "GET /healthz/ HTTP/1.1" 200 34
INFO 2026-02-20 00:41:54,251 basehttp 12 135211298825920 "GET /healthz/ HTTP/1.1" 200 34
INFO 2026-02-20 00:42:04,395 basehttp 12 135211298825920 "GET /healthz/ HTTP/1.1" 200 34
INFO 2026-02-20 00:42:07,682 basehttp 12 135211298825920 "GET / HTTP/1.1" 200 1213
INFO 2026-02-20 00:42:14,573 basehttp 12 135211298825920 "GET /healthz/ HTTP/1.1" 200 34
INFO 2026-02-20 00:42:24,734 basehttp 12 135211298825920 "GET /healthz/ HTTP/1.1" 200 34
INFO 2026-02-20 00:42:34,897 basehttp 12 135211298825920 "GET /healthz/ HTTP/1.1" 200 34
INFO 2026-02-20 00:42:45,074 basehttp 12 135211298825920 "GET /healthz/ HTTP/1.1" 200 34
INFO 2026-02-20 00:42:55,227 basehttp 12 135211298825920 "GET /healthz/ HTTP/1.1" 200 34
INFO 2026-02-20 00:43:05,385 basehttp 12 135211298825920 "GET /healthz/ HTTP/1.1" 200 34
WARNING 2026-02-20 00:43:11,941 basehttp 12 135211298825920 "GET /favicon.ico HTTP/1.1" 404 3388
INFO 2026-02-20 00:43:15,545 basehttp 12 135211298825920 "GET /healthz/ HTTP/1.1" 200 34
INFO 2026-02-20 00:43:25,707 basehttp 12 135211298825920 "GET /healthz/ HTTP/1.1" 200 34
WARNING 2026-02-20 00:43:28,408 basehttp 12 135211298825920 "GET http://api.ipify.org/?format=json HTTP/1.1" 404 1818
INFO 2026-02-20 00:43:35,868 basehttp 12 135211298825920 "GET /healthz/ HTTP/1.1" 200 34
WARNING 2026-02-20 00:43:37,379 basehttp 12 135211298825920 "CONNECT www.shadowserver.org:443 HTTP/1.1" 404 1827
INFO 2026-02-20 00:43:46,029 basehttp 12 135211298825920 "GET /healthz/ HTTP/1.1" 200 34
INFO 2026-02-20 00:43:56,192 basehttp 12 135211298825920 "GET /healthz/ HTTP/1.1" 200 34
INFO 2026-02-20 00:44:06,352 basehttp 12 135211298825920 "GET /healthz/ HTTP/1.1" 200 34
INFO 2026-02-20 00:44:16,506 basehttp 12 135211298825920 "GET /healthz/ HTTP/1.1" 200 34
INFO 2026-02-20 00:44:26,666 basehttp 12 135211298825920 "GET /healthz/ HTTP/1.1" 200 34
INFO 2026-02-20 00:44:36,822 basehttp 12 135211298825920 "GET /healthz/ HTTP/1.1" 200 34
INFO 2026-02-20 00:44:46,978 basehttp 12 135211298825920 "GET /healthz/ HTTP/1.1" 200 34
INFO 2026-02-20 00:44:57,129 basehttp 12 135211298825920 "GET /healthz/ HTTP/1.1" 200 34
INFO 2026-02-20 00:44:57,604 basehttp 12 135211298825920 "GET / HTTP/1.1" 200 2711
INFO 2026-02-20 00:44:57,615 basehttp 12 135211298825920 "GET /login/ HTTP/1.1" 200 2500
INFO 2026-02-20 00:44:57,635 basehttp 12 135211298825920 "GET /register/ HTTP/1.1" 200 4910
INFO 2026-02-20 00:44:57,646 basehttp 12 135211298825920 "HEAD /home/ HTTP/1.1" 302 0
INFO 2026-02-20 00:45:07,288 basehttp 12 135211298825920 "GET /healthz/ HTTP/1.1" 200 34
INFO 2026-02-20 00:45:17,459 basehttp 12 135211298825920 "GET /healthz/ HTTP/1.1" 200 34
INFO 2026-02-20 00:45:27,617 basehttp 12 135211298825920 "GET /healthz/ HTTP/1.1" 200 34
INFO 2026-02-20 00:45:37,774 basehttp 12 135211298825920 "GET /healthz/ HTTP/1.1" 200 34
INFO 2026-02-20 00:45:47,938 basehttp 12 135211298825920 "GET /healthz/ HTTP/1.1" 200 34
INFO 2026-02-20 00:45:58,103 basehttp 12 135211298825920 "GET /healthz/ HTTP/1.1" 200 34
INFO 2026-02-20 00:46:08,270 basehttp 12 135211298825920 "GET /healthz/ HTTP/1.1" 200 34
INFO 2026-02-20 00:46:18,421 basehttp 12 135211298825920 "GET /healthz/ HTTP/1.1" 200 34
INFO 2026-02-20 00:46:28,576 basehttp 12 135211298825920 "GET /healthz/ HTTP/1.1" 200 34
INFO 2026-02-20 00:46:38,734 basehttp 12 135211298825920 "GET /healthz/ HTTP/1.1" 200 34
INFO 2026-02-20 00:46:48,884 basehttp 12 135211298825920 "GET /healthz/ HTTP/1.1" 200 34
INFO 2026-02-20 00:46:59,039 basehttp 12 135211298825920 "GET /healthz/ HTTP/1.1" 200 34
INFO 2026-02-20 00:47:09,198 basehttp 12 135211298825920 "GET /healthz/ HTTP/1.1" 200 34
INFO 2026-02-20 00:47:19,362 basehttp 12 135211298825920 "GET /healthz/ HTTP/1.1" 200 34
INFO 2026-02-20 00:47:29,506 basehttp 12 135211298825920 "GET /healthz/ HTTP/1.1" 200 34
INFO 2026-02-20 00:47:39,657 basehttp 12 135211298825920 "GET /healthz/ HTTP/1.1" 200 34
INFO 2026-02-20 00:47:49,815 basehttp 12 135211298825920 "GET /healthz/ HTTP/1.1" 200 34
INFO 2026-02-20 00:47:59,969 basehttp 12 135211298825920 "GET /healthz/ HTTP/1.1" 200 34
INFO 2026-02-20 00:48:10,130 basehttp 12 135211298825920 "GET /healthz/ HTTP/1.1" 200 34
INFO 2026-02-20 00:48:20,304 basehttp 12 135211298825920 "GET /healthz/ HTTP/1.1" 200 34
INFO 2026-02-20 00:48:30,463 basehttp 12 135211298825920 "GET /healthz/ HTTP/1.1" 200 34
INFO 2026-02-20 00:48:40,616 basehttp 12 135211298825920 "GET /healthz/ HTTP/1.1" 200 34
INFO 2026-02-20 00:48:50,778 basehttp 12 135211298825920 "GET /healthz/ HTTP/1.1" 200 34
INFO 2026-02-20 00:49:00,939 basehttp 12 135211298825920 "GET /healthz/ HTTP/1.1" 200 34
INFO 2026-02-20 00:49:11,095 basehttp 12 135211298825920 "GET /healthz/ HTTP/1.1" 200 34
INFO 2026-02-20 00:49:21,260 basehttp 12 135211298825920 "GET /healthz/ HTTP/1.1" 200 34
INFO 2026-02-20 00:49:31,422 basehttp 12 135211298825920 "GET /healthz/ HTTP/1.1" 200 34
INFO 2026-02-20 00:49:41,572 basehttp 12 135211298825920 "GET /healthz/ HTTP/1.1" 200 34
INFO 2026-02-20 00:49:51,735 basehttp 12 135211298825920 "GET /healthz/ HTTP/1.1" 200 34
INFO 2026-02-20 00:49:53,396 autoreload 12 135211504774016 /app/HMS/properties/views.py changed, reloading.
INFO 2026-02-20 00:49:53,904 autoreload 481 137995093855104 Watching for file changes with StatReloader
INFO 2026-02-20 00:49:55,108 autoreload 481 137995093855104 /app/HMS/properties/views.py changed, reloading.
INFO 2026-02-20 00:49:55,591 autoreload 483 131533077298048 Watching for file changes with StatReloader
INFO 2026-02-20 00:50:01,886 basehttp 483 131532985460416 "GET /healthz/ HTTP/1.1" 200 34
INFO 2026-02-20 00:50:02,936 autoreload 483 131533077298048 /app/HMS/payments/views.py changed, reloading.
INFO 2026-02-20 00:50:03,421 autoreload 492 124930335894400 Watching for file changes with StatReloader
INFO 2026-02-20 00:50:05,647 autoreload 492 124930335894400 /app/HMS/payments/views.py changed, reloading.
INFO 2026-02-20 00:50:06,144 autoreload 494 133866865867648 Watching for file changes with StatReloader
INFO 2026-02-20 00:50:07,388 autoreload 494 133866865867648 /app/HMS/notifications/views.py changed, reloading.
INFO 2026-02-20 00:50:07,883 autoreload 496 134184571198336 Watching for file changes with StatReloader
INFO 2026-02-20 00:50:12,046 basehttp 496 134184479745728 "GET /healthz/ HTTP/1.1" 200 34
INFO 2026-02-20 00:50:22,203 basehttp 496 134184479745728 "GET /healthz/ HTTP/1.1" 200 34
INFO 2026-02-20 00:50:32,361 basehttp 496 134184479745728 "GET /healthz/ HTTP/1.1" 200 34
INFO 2026-02-20 00:50:44,255 autoreload 12 127907791006592 Watching for file changes with StatReloader
INFO 2026-02-20 00:50:57,088 autoreload 12 140184546696064 Watching for file changes with StatReloader
INFO 2026-02-20 00:50:58,738 basehttp 12 140184454686400 "GET /home/ HTTP/1.1" 302 0
INFO 2026-02-20 00:50:58,772 basehttp 12 140184454686400 "GET /login/?next=/home/ HTTP/1.1" 200 2602
INFO 2026-02-20 00:50:59,124 basehttp 12 140184454686400 "GET /static/css/main.css HTTP/1.1" 200 1585
INFO 2026-02-20 00:51:04,344 basehttp 12 140184376047296 "GET /healthz/ HTTP/1.1" 200 34
INFO 2026-02-20 00:51:14,506 basehttp 12 140184376047296 "GET /healthz/ HTTP/1.1" 200 34
INFO 2026-02-20 00:51:23,155 basehttp 12 140184454686400 "POST /login/?next=/home/ HTTP/1.1" 302 0
INFO 2026-02-20 00:51:23,186 basehttp 12 140184454686400 "GET /home/ HTTP/1.1" 200 2393
INFO 2026-02-20 00:51:24,671 basehttp 12 140184376047296 "GET /healthz/ HTTP/1.1" 200 34
INFO 2026-02-20 00:51:28,962 basehttp 12 140184454686400 "GET /properties/ HTTP/1.1" 200 4591
INFO 2026-02-20 00:51:34,831 basehttp 12 140184376047296 "GET /healthz/ HTTP/1.1" 200 34
ERROR 2026-02-20 00:51:40,584 basehttp 12 140184454686400 "GET /notifications/ HTTP/1.1" 500 98544
INFO 2026-02-20 00:51:45,001 basehttp 12 140184376047296 "GET /healthz/ HTTP/1.1" 200 34
INFO 2026-02-20 00:51:47,655 basehttp 12 140184454686400 "GET /api/v1/schema/ HTTP/1.1" 200 237346
INFO 2026-02-20 00:51:50,750 basehttp 12 140184454686400 "GET /api/v1/docs/swagger/ HTTP/1.1" 200 4480
INFO 2026-02-20 00:51:51,192 basehttp 12 140184376047296 "GET /api/v1/schema/ HTTP/1.1" 200 477672
INFO 2026-02-20 00:51:55,170 basehttp 12 140184359265984 "GET /healthz/ HTTP/1.1" 200 34
INFO 2026-02-20 00:52:05,327 basehttp 12 140184359265984 "GET /healthz/ HTTP/1.1" 200 34
INFO 2026-02-20 00:52:15,490 basehttp 12 140184359265984 "GET /healthz/ HTTP/1.1" 200 34
INFO 2026-02-20 00:52:25,661 basehttp 12 140184376047296 "GET /healthz/ HTTP/1.1" 200 34
INFO 2026-02-20 00:52:30,784 basehttp 12 140184454686400 "GET /admin/ HTTP/1.1" 302 0
INFO 2026-02-20 00:52:30,829 basehttp 12 140184376047296 "GET /admin/login/?next=/admin/ HTTP/1.1" 200 3700
INFO 2026-02-20 00:52:30,856 basehttp 12 140184359265984 "GET /static/admin/css/dark_mode.css HTTP/1.1" 304 0
INFO 2026-02-20 00:52:30,858 basehttp 12 140184334087872 "GET /static/admin/js/nav_sidebar.js HTTP/1.1" 304 0
INFO 2026-02-20 00:52:30,858 basehttp 12 140184342480576 "GET /static/admin/js/theme.js HTTP/1.1" 304 0
INFO 2026-02-20 00:52:30,858 basehttp 12 140184350873280 "GET /static/admin/css/nav_sidebar.css HTTP/1.1" 304 0
INFO 2026-02-20 00:52:30,859 basehttp 12 140184454686400 "GET /static/admin/css/base.css HTTP/1.1" 304 0
INFO 2026-02-20 00:52:30,885 basehttp 12 140184359265984 "GET /static/admin/css/login.css HTTP/1.1" 304 0
INFO 2026-02-20 00:52:30,885 basehttp 12 140184342480576 "GET /static/admin/css/responsive.css HTTP/1.1" 304 0
INFO 2026-02-20 00:52:31,192 basehttp 12 140184350873280 "GET /static/admin/css/base.css HTTP/1.1" 304 0
INFO 2026-02-20 00:52:31,197 basehttp 12 140184334087872 "GET /static/admin/css/dark_mode.css HTTP/1.1" 304 0
INFO 2026-02-20 00:52:31,200 basehttp 12 140184359265984 "GET /static/admin/css/nav_sidebar.css HTTP/1.1" 304 0
INFO 2026-02-20 00:52:31,200 basehttp 12 140184454686400 "GET /static/admin/js/theme.js HTTP/1.1" 304 0
INFO 2026-02-20 00:52:31,202 basehttp 12 140184342480576 "GET /static/admin/js/nav_sidebar.js HTTP/1.1" 304 0
INFO 2026-02-20 00:52:31,202 basehttp 12 140184376047296 "GET /static/admin/css/login.css HTTP/1.1" 304 0
INFO 2026-02-20 00:52:31,214 basehttp 12 140184350873280 "GET /static/admin/css/responsive.css HTTP/1.1" 304 0
INFO 2026-02-20 00:52:35,825 basehttp 12 140184325695168 "GET /healthz/ HTTP/1.1" 200 34
INFO 2026-02-20 00:52:45,982 basehttp 12 140184325695168 "GET /healthz/ HTTP/1.1" 200 34
INFO 2026-02-20 00:52:56,146 basehttp 12 140184325695168 "GET /healthz/ HTTP/1.1" 200 34
INFO 2026-02-20 00:53:06,302 basehttp 12 140184350873280 "GET /healthz/ HTTP/1.1" 200 34
INFO 2026-02-20 00:53:12,339 basehttp 12 140184350873280 "HEAD /properties/ HTTP/1.1" 302 0
INFO 2026-02-20 00:53:12,349 basehttp 12 140184350873280 "HEAD /payments/history/ HTTP/1.1" 302 0
INFO 2026-02-20 00:53:12,358 basehttp 12 140184350873280 "HEAD /notifications/ HTTP/1.1" 302 0
INFO 2026-02-20 00:53:16,456 basehttp 12 140184350873280 "GET /healthz/ HTTP/1.1" 200 34
INFO 2026-02-20 00:53:26,608 basehttp 12 140184350873280 "GET /healthz/ HTTP/1.1" 200 34
INFO 2026-02-20 00:53:31,973 basehttp 12 140184350873280 "GET /home/ HTTP/1.1" 200 2393
INFO 2026-02-20 00:53:32,012 basehttp 12 140184350873280 "GET /static/css/main.css HTTP/1.1" 304 0
INFO 2026-02-20 00:53:33,244 basehttp 12 140184350873280 "GET /payments/history/ HTTP/1.1" 302 0
INFO 2026-02-20 00:53:33,277 basehttp 12 140184350873280 "GET /home/ HTTP/1.1" 200 2393
INFO 2026-02-20 00:53:35,818 basehttp 12 140184350873280 "GET /notifications/ HTTP/1.1" 200 4511
INFO 2026-02-20 00:53:36,768 basehttp 12 140184342480576 "GET /healthz/ HTTP/1.1" 200 34
INFO 2026-02-20 00:53:46,921 basehttp 12 140184342480576 "GET /healthz/ HTTP/1.1" 200 34
INFO 2026-02-20 00:53:57,082 basehttp 12 140184342480576 "GET /healthz/ HTTP/1.1" 200 34
INFO 2026-02-20 00:54:07,245 basehttp 12 140184350873280 "GET /healthz/ HTTP/1.1" 200 34
INFO 2026-02-20 00:54:17,407 basehttp 12 140184350873280 "GET /healthz/ HTTP/1.1" 200 34
INFO 2026-02-20 00:54:27,567 basehttp 12 140184350873280 "GET /healthz/ HTTP/1.1" 200 34
INFO 2026-02-20 00:54:37,734 basehttp 12 140184350873280 "GET /healthz/ HTTP/1.1" 200 34
INFO 2026-02-20 00:54:47,886 basehttp 12 140184350873280 "GET /healthz/ HTTP/1.1" 200 34
INFO 2026-02-20 00:54:58,038 basehttp 12 140184350873280 "GET /healthz/ HTTP/1.1" 200 34
INFO 2026-02-20 00:55:08,206 basehttp 12 140184350873280 "GET /healthz/ HTTP/1.1" 200 34
INFO 2026-02-20 00:55:18,366 basehttp 12 140184350873280 "GET /healthz/ HTTP/1.1" 200 34
INFO 2026-02-20 00:55:28,532 basehttp 12 140184350873280 "GET /healthz/ HTTP/1.1" 200 34
INFO 2026-02-20 00:55:38,694 basehttp 12 140184350873280 "GET /healthz/ HTTP/1.1" 200 34
INFO 2026-02-20 00:55:48,852 basehttp 12 140184350873280 "GET /healthz/ HTTP/1.1" 200 34
INFO 2026-02-20 00:55:59,009 basehttp 12 140184350873280 "GET /healthz/ HTTP/1.1" 200 34
INFO 2026-02-20 00:56:09,166 basehttp 12 140184350873280 "GET /healthz/ HTTP/1.1" 200 34
INFO 2026-02-20 00:56:19,322 basehttp 12 140184350873280 "GET /healthz/ HTTP/1.1" 200 34
INFO 2026-02-20 00:56:29,477 basehttp 12 140184350873280 "GET /healthz/ HTTP/1.1" 200 34
INFO 2026-02-20 00:56:37,730 basehttp 12 140184350873280 "GET / HTTP/1.1" 200 2946
INFO 2026-02-20 00:56:37,741 basehttp 12 140184350873280 "GET /login/ HTTP/1.1" 200 2754
INFO 2026-02-20 00:56:37,756 basehttp 12 140184350873280 "GET /register/ HTTP/1.1" 200 5164
INFO 2026-02-20 00:56:37,766 basehttp 12 140184350873280 "HEAD /home/ HTTP/1.1" 302 0
INFO 2026-02-20 00:56:39,628 basehttp 12 140184350873280 "GET /healthz/ HTTP/1.1" 200 34
INFO 2026-02-20 00:56:49,793 basehttp 12 140184350873280 "GET /healthz/ HTTP/1.1" 200 34
INFO 2026-02-20 00:56:59,956 basehttp 12 140184350873280 "GET /healthz/ HTTP/1.1" 200 34
INFO 2026-02-20 00:57:10,118 basehttp 12 140184350873280 "GET /healthz/ HTTP/1.1" 200 34
INFO 2026-02-20 00:57:20,276 basehttp 12 140184350873280 "GET /healthz/ HTTP/1.1" 200 34
INFO 2026-02-20 00:57:30,436 basehttp 12 140184350873280 "GET /healthz/ HTTP/1.1" 200 34
INFO 2026-02-20 00:57:40,592 basehttp 12 140184350873280 "GET /healthz/ HTTP/1.1" 200 34
INFO 2026-02-20 00:57:50,749 basehttp 12 140184350873280 "GET /healthz/ HTTP/1.1" 200 34
INFO 2026-02-20 00:58:00,904 basehttp 12 140184350873280 "GET /healthz/ HTTP/1.1" 200 34
INFO 2026-02-20 00:58:11,068 basehttp 12 140184350873280 "GET /healthz/ HTTP/1.1" 200 34
INFO 2026-02-20 00:58:21,222 basehttp 12 140184350873280 "GET /healthz/ HTTP/1.1" 200 34
INFO 2026-02-20 00:58:31,380 basehttp 12 140184350873280 "GET /healthz/ HTTP/1.1" 200 34
INFO 2026-02-20 00:58:41,528 basehttp 12 140184350873280 "GET /healthz/ HTTP/1.1" 200 34
INFO 2026-02-20 00:58:51,687 basehttp 12 140184350873280 "GET /healthz/ HTTP/1.1" 200 34
INFO 2026-02-20 00:59:01,853 basehttp 12 140184350873280 "GET /healthz/ HTTP/1.1" 200 34
INFO 2026-02-20 00:59:12,015 basehttp 12 140184350873280 "GET /healthz/ HTTP/1.1" 200 34
INFO 2026-02-20 00:59:13,994 autoreload 12 140184546696064 /app/HMS/HMS/web_views.py changed, reloading.
INFO 2026-02-20 00:59:14,540 autoreload 385 127843567172480 Watching for file changes with StatReloader
INFO 2026-02-20 00:59:16,763 autoreload 385 127843567172480 /app/HMS/HMS/web_views.py changed, reloading.
INFO 2026-02-20 00:59:17,240 autoreload 387 128329507515264 Watching for file changes with StatReloader
INFO 2026-02-20 00:59:20,482 autoreload 387 128329507515264 /app/HMS/HMS/urls.py changed, reloading.
INFO 2026-02-20 00:59:20,960 autoreload 389 125528917351296 Watching for file changes with StatReloader
INFO 2026-02-20 00:59:22,176 basehttp 389 125528825652928 "GET /healthz/ HTTP/1.1" 200 34
INFO 2026-02-20 00:59:23,223 autoreload 389 125528917351296 /app/HMS/HMS/urls.py changed, reloading.
INFO 2026-02-20 00:59:23,729 autoreload 398 123225456028544 Watching for file changes with StatReloader
INFO 2026-02-20 00:59:32,333 basehttp 398 123225296074432 "GET /healthz/ HTTP/1.1" 200 34
INFO 2026-02-20 00:59:42,494 basehttp 398 123225296074432 "GET /healthz/ HTTP/1.1" 200 34
INFO 2026-02-20 00:59:52,656 basehttp 398 123225296074432 "GET /healthz/ HTTP/1.1" 200 34
INFO 2026-02-20 01:00:02,834 basehttp 398 123225296074432 "GET /healthz/ HTTP/1.1" 200 34
INFO 2026-02-20 01:00:12,998 basehttp 398 123225296074432 "GET /healthz/ HTTP/1.1" 200 34
INFO 2026-02-20 01:00:19,597 basehttp 398 123225296074432 "HEAD /backend-navigation/ HTTP/1.1" 302 0
INFO 2026-02-20 01:00:19,920 basehttp 398 123225296074432 "HEAD /api/v1/schema/ HTTP/1.1" 200 0
INFO 2026-02-20 01:00:19,933 basehttp 398 123225296074432 "HEAD / HTTP/1.1" 200 0
INFO 2026-02-20 01:00:23,157 basehttp 398 123225296074432 "GET /healthz/ HTTP/1.1" 200 34
INFO 2026-02-20 01:00:33,305 basehttp 398 123225296074432 "GET /healthz/ HTTP/1.1" 200 34
INFO 2026-02-20 01:00:43,054 basehttp 398 123225296074432 "GET /home/ HTTP/1.1" 200 2855
INFO 2026-02-20 01:00:43,459 basehttp 398 123225278244544 "GET /healthz/ HTTP/1.1" 200 34
INFO 2026-02-20 01:00:43,541 basehttp 398 123225296074432 "GET /static/css/main.css HTTP/1.1" 200 4161
INFO 2026-02-20 01:00:43,574 basehttp 398 123225296074432 "GET /static/images/hotel-bg.svg HTTP/1.1" 200 2311
INFO 2026-02-20 01:00:43,614 basehttp 398 123225278244544 "GET /static/images/nephele-logo.svg HTTP/1.1" 200 874
INFO 2026-02-20 01:00:43,661 basehttp 398 123225296074432 "GET /static/images/favicon.svg HTTP/1.1" 200 614
INFO 2026-02-20 01:00:53,391 basehttp 398 123225296074432 "GET /properties/ HTTP/1.1" 200 5851
INFO 2026-02-20 01:00:53,615 basehttp 398 123225269851840 "GET /healthz/ HTTP/1.1" 200 34
INFO 2026-02-20 01:00:53,764 basehttp 398 123225278244544 "GET /static/css/main.css HTTP/1.1" 304 0
INFO 2026-02-20 01:01:03,041 basehttp 398 123225278244544 "GET /api/v1/docs/swagger/ HTTP/1.1" 200 4480
INFO 2026-02-20 01:01:03,626 basehttp 398 123225296074432 "GET /api/v1/schema/ HTTP/1.1" 200 477672
INFO 2026-02-20 01:01:03,774 basehttp 398 123225269851840 "GET /healthz/ HTTP/1.1" 200 34
INFO 2026-02-20 01:01:07,541 basehttp 398 123225296074432 "GET /backend-navigation/ HTTP/1.1" 200 27923
INFO 2026-02-20 01:01:07,955 basehttp 398 123225278244544 "GET /static/css/main.css HTTP/1.1" 304 0
INFO 2026-02-20 01:01:13,929 basehttp 398 123225269851840 "GET /healthz/ HTTP/1.1" 200 34
INFO 2026-02-20 01:01:16,157 basehttp 398 123225278244544 "GET /home/ HTTP/1.1" 200 2855
INFO 2026-02-20 01:01:16,198 basehttp 398 123225296074432 "GET /static/css/main.css HTTP/1.1" 304 0
INFO 2026-02-20 01:01:16,199 basehttp 398 123225278244544 "GET /static/images/nephele-logo.svg HTTP/1.1" 304 0
INFO 2026-02-20 01:01:16,228 basehttp 398 123225296074432 "GET /static/images/hotel-bg.svg HTTP/1.1" 304 0
INFO 2026-02-20 01:01:24,078 basehttp 398 123225269851840 "GET /healthz/ HTTP/1.1" 200 34
INFO 2026-02-20 01:01:24,493 basehttp 398 123225296074432 "GET /home/ HTTP/1.1" 200 2855
INFO 2026-02-20 01:01:30,975 autoreload 398 123225456028544 /app/HMS/HMS/web_views.py changed, reloading.
INFO 2026-02-20 01:01:31,487 autoreload 495 132552980511616 Watching for file changes with StatReloader
INFO 2026-02-20 01:01:34,239 basehttp 495 132552821044928 "GET /healthz/ HTTP/1.1" 200 34
INFO 2026-02-20 01:01:44,408 basehttp 495 132552821044928 "GET /healthz/ HTTP/1.1" 200 34
INFO 2026-02-20 01:01:53,101 basehttp 495 132552821044928 "GET /backend-navigation/ HTTP/1.1" 200 27923
INFO 2026-02-20 01:01:53,150 basehttp 495 132552821044928 "GET /static/css/main.css HTTP/1.1" 304 0
INFO 2026-02-20 01:01:53,196 basehttp 495 132552821044928 "GET /static/images/hotel-bg.svg HTTP/1.1" 304 0
INFO 2026-02-20 01:01:53,231 basehttp 495 132552811603648 "GET /static/images/nephele-logo.svg HTTP/1.1" 304 0
INFO 2026-02-20 01:01:54,562 basehttp 495 132552802162368 "GET /healthz/ HTTP/1.1" 200 34
INFO 2026-02-20 01:02:04,720 basehttp 495 132552802162368 "GET /healthz/ HTTP/1.1" 200 34
INFO 2026-02-20 01:02:14,882 basehttp 495 132552802162368 "GET /healthz/ HTTP/1.1" 200 34
INFO 2026-02-20 01:02:25,038 basehttp 495 132552811603648 "GET /healthz/ HTTP/1.1" 200 34
INFO 2026-02-20 01:02:25,440 autoreload 495 132552980511616 /app/HMS/HMS/web_views.py changed, reloading.
INFO 2026-02-20 01:02:25,940 autoreload 541 131045641120640 Watching for file changes with StatReloader
INFO 2026-02-20 01:02:27,416 basehttp 541 131045549663936 "HEAD /home/ HTTP/1.1" 302 0
INFO 2026-02-20 01:02:27,427 basehttp 541 131045549663936 "HEAD /backend-navigation/ HTTP/1.1" 302 0
INFO 2026-02-20 01:02:27,437 basehttp 541 131045549663936 "HEAD /properties/ HTTP/1.1" 302 0
INFO 2026-02-20 01:02:27,448 basehttp 541 131045549663936 "HEAD /payments/history/ HTTP/1.1" 302 0
INFO 2026-02-20 01:02:27,457 basehttp 541 131045549663936 "HEAD /notifications/ HTTP/1.1" 302 0
INFO 2026-02-20 01:02:35,200 basehttp 541 131045549663936 "GET /healthz/ HTTP/1.1" 200 34
INFO 2026-02-20 01:02:45,357 basehttp 541 131045549663936 "GET /healthz/ HTTP/1.1" 200 34
INFO 2026-02-20 01:02:55,517 basehttp 541 131045549663936 "GET /healthz/ HTTP/1.1" 200 34
INFO 2026-02-20 01:03:05,672 basehttp 541 131045549663936 "GET /healthz/ HTTP/1.1" 200 34
INFO 2026-02-20 01:03:15,829 basehttp 541 131045549663936 "GET /healthz/ HTTP/1.1" 200 34
INFO 2026-02-20 01:03:26,000 basehttp 541 131045549663936 "GET /healthz/ HTTP/1.1" 200 34
INFO 2026-02-20 01:03:36,157 basehttp 541 131045549663936 "GET /healthz/ HTTP/1.1" 200 34
INFO 2026-02-20 01:03:46,322 basehttp 541 131045549663936 "GET /healthz/ HTTP/1.1" 200 34
INFO 2026-02-20 01:03:56,478 basehttp 541 131045549663936 "GET /healthz/ HTTP/1.1" 200 34
INFO 2026-02-20 01:04:06,636 basehttp 541 131045549663936 "GET /healthz/ HTTP/1.1" 200 34
INFO 2026-02-20 01:04:16,795 basehttp 541 131045549663936 "GET /healthz/ HTTP/1.1" 200 34
INFO 2026-02-20 01:04:26,958 basehttp 541 131045549663936 "GET /healthz/ HTTP/1.1" 200 34
INFO 2026-02-20 01:04:37,112 basehttp 541 131045549663936 "GET /healthz/ HTTP/1.1" 200 34
INFO 2026-02-20 01:04:47,266 basehttp 541 131045549663936 "GET /healthz/ HTTP/1.1" 200 34
INFO 2026-02-20 01:04:57,419 basehttp 541 131045549663936 "GET /healthz/ HTTP/1.1" 200 34
INFO 2026-02-20 01:05:07,569 basehttp 541 131045549663936 "GET /healthz/ HTTP/1.1" 200 34
INFO 2026-02-20 01:05:17,723 basehttp 541 131045549663936 "GET /healthz/ HTTP/1.1" 200 34
INFO 2026-02-20 01:05:27,883 basehttp 541 131045549663936 "GET /healthz/ HTTP/1.1" 200 34
INFO 2026-02-20 01:05:38,036 basehttp 541 131045549663936 "GET /healthz/ HTTP/1.1" 200 34
INFO 2026-02-20 01:05:48,189 basehttp 541 131045549663936 "GET /healthz/ HTTP/1.1" 200 34
INFO 2026-02-20 01:05:58,343 basehttp 541 131045549663936 "GET /healthz/ HTTP/1.1" 200 34
INFO 2026-02-20 01:06:08,501 basehttp 541 131045549663936 "GET /healthz/ HTTP/1.1" 200 34
INFO 2026-02-20 01:06:18,657 basehttp 541 131045549663936 "GET /healthz/ HTTP/1.1" 200 34
INFO 2026-02-20 01:06:28,815 basehttp 541 131045549663936 "GET /healthz/ HTTP/1.1" 200 34
INFO 2026-02-20 01:06:38,979 basehttp 541 131045549663936 "GET /healthz/ HTTP/1.1" 200 34
INFO 2026-02-20 01:06:49,142 basehttp 541 131045549663936 "GET /healthz/ HTTP/1.1" 200 34
INFO 2026-02-20 01:06:59,302 basehttp 541 131045549663936 "GET /healthz/ HTTP/1.1" 200 34
INFO 2026-02-20 01:07:09,457 basehttp 541 131045549663936 "GET /healthz/ HTTP/1.1" 200 34
INFO 2026-02-20 01:07:19,609 basehttp 541 131045549663936 "GET /healthz/ HTTP/1.1" 200 34
INFO 2026-02-20 01:07:29,785 basehttp 541 131045549663936 "GET /healthz/ HTTP/1.1" 200 34
INFO 2026-02-20 01:07:39,941 basehttp 541 131045549663936 "GET /healthz/ HTTP/1.1" 200 34
INFO 2026-02-20 01:07:50,106 basehttp 541 131045549663936 "GET /healthz/ HTTP/1.1" 200 34
INFO 2026-02-20 01:08:00,273 basehttp 541 131045549663936 "GET /healthz/ HTTP/1.1" 200 34
INFO 2026-02-20 01:08:10,430 basehttp 541 131045549663936 "GET /healthz/ HTTP/1.1" 200 34
INFO 2026-02-20 01:08:20,584 basehttp 541 131045549663936 "GET /healthz/ HTTP/1.1" 200 34
INFO 2026-02-20 01:08:30,738 basehttp 541 131045549663936 "GET /healthz/ HTTP/1.1" 200 34
INFO 2026-02-20 01:08:40,895 basehttp 541 131045549663936 "GET /healthz/ HTTP/1.1" 200 34
INFO 2026-02-20 01:08:51,047 basehttp 541 131045549663936 "GET /healthz/ HTTP/1.1" 200 34
INFO 2026-02-20 01:09:01,213 basehttp 541 131045549663936 "GET /healthz/ HTTP/1.1" 200 34
INFO 2026-02-20 01:09:11,368 basehttp 541 131045549663936 "GET /healthz/ HTTP/1.1" 200 34
INFO 2026-02-20 01:09:21,521 basehttp 541 131045549663936 "GET /healthz/ HTTP/1.1" 200 34
INFO 2026-02-20 01:09:31,665 basehttp 541 131045549663936 "GET /healthz/ HTTP/1.1" 200 34
INFO 2026-02-20 01:09:41,815 basehttp 541 131045549663936 "GET /healthz/ HTTP/1.1" 200 34
INFO 2026-02-20 01:09:51,976 basehttp 541 131045549663936 "GET /healthz/ HTTP/1.1" 200 34
INFO 2026-02-20 01:10:02,145 basehttp 541 131045549663936 "GET /healthz/ HTTP/1.1" 200 34
INFO 2026-02-20 01:10:12,308 basehttp 541 131045549663936 "GET /healthz/ HTTP/1.1" 200 34
INFO 2026-02-20 01:10:22,461 basehttp 541 131045549663936 "GET /healthz/ HTTP/1.1" 200 34
INFO 2026-02-20 01:10:32,629 basehttp 541 131045549663936 "GET /healthz/ HTTP/1.1" 200 34
INFO 2026-02-20 01:10:35,339 autoreload 541 131045641120640 /app/HMS/HMS/web_views.py changed, reloading.
INFO 2026-02-20 01:10:35,855 autoreload 890 137312527371136 Watching for file changes with StatReloader
INFO 2026-02-20 01:10:38,083 autoreload 890 137312527371136 /app/HMS/HMS/web_views.py changed, reloading.
INFO 2026-02-20 01:10:38,590 autoreload 892 138551615880064 Watching for file changes with StatReloader
INFO 2026-02-20 01:10:41,895 autoreload 892 138551615880064 /app/HMS/HMS/urls.py changed, reloading.
INFO 2026-02-20 01:10:42,376 autoreload 894 127408027556736 Watching for file changes with StatReloader
INFO 2026-02-20 01:10:42,791 basehttp 894 127407936759488 "GET /healthz/ HTTP/1.1" 200 34
INFO 2026-02-20 01:10:52,947 basehttp 894 127407936759488 "GET /healthz/ HTTP/1.1" 200 34
INFO 2026-02-20 01:11:03,107 basehttp 894 127407936759488 "GET /healthz/ HTTP/1.1" 200 34
INFO 2026-02-20 01:11:13,271 basehttp 894 127407936759488 "GET /healthz/ HTTP/1.1" 200 34
INFO 2026-02-20 01:11:23,426 basehttp 894 127407936759488 "GET /healthz/ HTTP/1.1" 200 34
INFO 2026-02-20 01:11:26,398 basehttp 894 127407936759488 "HEAD /home/ HTTP/1.1" 302 0
INFO 2026-02-20 01:11:26,409 basehttp 894 127407936759488 "HEAD /portal/users/ HTTP/1.1" 302 0
INFO 2026-02-20 01:11:26,419 basehttp 894 127407936759488 "HEAD /portal/business-intelligence/ HTTP/1.1" 302 0
INFO 2026-02-20 01:11:26,429 basehttp 894 127407936759488 "HEAD /portal/forecast/ HTTP/1.1" 302 0
INFO 2026-02-20 01:11:33,581 basehttp 894 127407936759488 "GET /healthz/ HTTP/1.1" 200 34
INFO 2026-02-20 01:11:43,738 basehttp 894 127407936759488 "GET /healthz/ HTTP/1.1" 200 34
INFO 2026-02-20 01:11:53,895 basehttp 894 127407936759488 "GET /healthz/ HTTP/1.1" 200 34
INFO 2026-02-20 01:12:04,066 basehttp 894 127407936759488 "GET /healthz/ HTTP/1.1" 200 34
INFO 2026-02-20 01:12:14,231 basehttp 894 127407936759488 "GET /healthz/ HTTP/1.1" 200 34
INFO 2026-02-20 01:12:24,394 basehttp 894 127407936759488 "GET /healthz/ HTTP/1.1" 200 34
INFO 2026-02-20 01:12:34,575 basehttp 894 127407936759488 "GET /healthz/ HTTP/1.1" 200 34
INFO 2026-02-20 01:12:42,121 autoreload 894 127408027556736 /app/HMS/HMS/web_views.py changed, reloading.
INFO 2026-02-20 01:12:42,604 autoreload 990 131270924209024 Watching for file changes with StatReloader
INFO 2026-02-20 01:12:44,742 basehttp 990 131270832023232 "GET /healthz/ HTTP/1.1" 200 34
INFO 2026-02-20 01:12:44,876 autoreload 990 131270924209024 /app/HMS/HMS/web_views.py changed, reloading.
INFO 2026-02-20 01:12:45,366 autoreload 999 132747908512640 Watching for file changes with StatReloader
INFO 2026-02-20 01:12:51,640 autoreload 999 132747908512640 /app/HMS/HMS/web_views.py changed, reloading.
INFO 2026-02-20 01:12:52,116 autoreload 1001 133964260739968 Watching for file changes with StatReloader
INFO 2026-02-20 01:12:53,327 autoreload 1001 133964260739968 /app/HMS/HMS/web_views.py changed, reloading.
INFO 2026-02-20 01:12:53,802 autoreload 1003 129623094762368 Watching for file changes with StatReloader
INFO 2026-02-20 01:12:54,905 basehttp 1003 129623004276416 "GET /healthz/ HTTP/1.1" 200 34
INFO 2026-02-20 01:13:05,073 basehttp 1003 129623004276416 "GET /healthz/ HTTP/1.1" 200 34
INFO 2026-02-20 01:13:15,234 basehttp 1003 129623004276416 "GET /healthz/ HTTP/1.1" 200 34
INFO 2026-02-20 01:13:19,704 basehttp 1003 129623004276416 "HEAD /home/ HTTP/1.1" 302 0
INFO 2026-02-20 01:13:19,716 basehttp 1003 129623004276416 "HEAD /portal/users/ HTTP/1.1" 302 0
INFO 2026-02-20 01:13:19,726 basehttp 1003 129623004276416 "HEAD /portal/payments/ HTTP/1.1" 302 0
INFO 2026-02-20 01:13:19,736 basehttp 1003 129623004276416 "HEAD /portal/forecast/ HTTP/1.1" 302 0
INFO 2026-02-20 01:13:25,405 basehttp 1003 129623004276416 "GET /healthz/ HTTP/1.1" 200 34
INFO 2026-02-20 01:13:35,559 basehttp 1003 129623004276416 "GET /healthz/ HTTP/1.1" 200 34
INFO 2026-02-20 01:13:43,951 basehttp 1003 129623004276416 "GET /home/ HTTP/1.1" 200 12428
INFO 2026-02-20 01:13:44,009 basehttp 1003 129623004276416 "GET /static/css/main.css HTTP/1.1" 200 5066
INFO 2026-02-20 01:13:44,132 basehttp 1003 129622918297280 "GET /static/images/nephele-logo.svg HTTP/1.1" 304 0
INFO 2026-02-20 01:13:44,671 basehttp 1003 129623004276416 "GET /static/images/hotel-bg.svg HTTP/1.1" 304 0
INFO 2026-02-20 01:13:45,714 basehttp 1003 129622909904576 "GET /healthz/ HTTP/1.1" 200 34
INFO 2026-02-20 01:13:55,880 basehttp 1003 129622909904576 "GET /healthz/ HTTP/1.1" 200 34
INFO 2026-02-20 01:14:06,030 basehttp 1003 129622909904576 "GET /healthz/ HTTP/1.1" 200 34
INFO 2026-02-20 01:14:11,227 basehttp 1003 129623004276416 "GET /portal/users/ HTTP/1.1" 200 10590
INFO 2026-02-20 01:14:11,596 basehttp 1003 129622918297280 "GET /static/css/main.css HTTP/1.1" 304 0
INFO 2026-02-20 01:14:16,187 basehttp 1003 129622909904576 "GET /healthz/ HTTP/1.1" 200 34
INFO 2026-02-20 01:14:19,247 basehttp 1003 129622918297280 "GET /portal/rooms/ HTTP/1.1" 200 10573
INFO 2026-02-20 01:14:19,627 basehttp 1003 129623004276416 "GET /static/css/main.css HTTP/1.1" 304 0
INFO 2026-02-20 01:14:20,988 basehttp 1003 129623004276416 "GET /portal/bookings/ HTTP/1.1" 200 10641
INFO 2026-02-20 01:14:22,509 basehttp 1003 129623004276416 "GET /portal/guests/ HTTP/1.1" 200 10595
INFO 2026-02-20 01:14:26,344 basehttp 1003 129622909904576 "GET /healthz/ HTTP/1.1" 200 34
INFO 2026-02-20 01:14:36,496 basehttp 1003 129622909904576 "GET /healthz/ HTTP/1.1" 200 34
INFO 2026-02-20 01:14:39,793 basehttp 1003 129623004276416 "GET /home/ HTTP/1.1" 200 12428
INFO 2026-02-20 01:14:39,844 basehttp 1003 129622918297280 "GET /static/css/main.css HTTP/1.1" 304 0
INFO 2026-02-20 01:14:42,205 basehttp 1003 129622918297280 "GET /home/ HTTP/1.1" 200 12428
INFO 2026-02-20 01:14:46,582 basehttp 1003 129622918297280 "GET /home/ HTTP/1.1" 200 12428
INFO 2026-02-20 01:14:46,657 basehttp 1003 129622909904576 "GET /healthz/ HTTP/1.1" 200 34
INFO 2026-02-20 01:14:56,814 basehttp 1003 129622909904576 "GET /healthz/ HTTP/1.1" 200 34
INFO 2026-02-20 01:15:06,988 basehttp 1003 129622909904576 "GET /healthz/ HTTP/1.1" 200 34
INFO 2026-02-20 01:15:17,145 basehttp 1003 129622918297280 "GET /healthz/ HTTP/1.1" 200 34
INFO 2026-02-20 01:15:19,936 autoreload 1003 129623094762368 /app/HMS/HMS/web_views.py changed, reloading.
INFO 2026-02-20 01:15:20,424 autoreload 1121 125583457831808 Watching for file changes with StatReloader
INFO 2026-02-20 01:15:25,684 autoreload 1121 125583457831808 /app/HMS/HMS/web_views.py changed, reloading.
INFO 2026-02-20 01:15:26,173 autoreload 1123 139542186015616 Watching for file changes with StatReloader
INFO 2026-02-20 01:15:27,317 basehttp 1123 139542094931648 "GET /healthz/ HTTP/1.1" 200 34
INFO 2026-02-20 01:15:37,479 basehttp 1123 139542094931648 "GET /healthz/ HTTP/1.1" 200 34
INFO 2026-02-20 01:15:43,072 basehttp 1123 139542011049664 "GET /portal/business-intelligence/ HTTP/1.1" 200 11942
INFO 2026-02-20 01:15:43,135 basehttp 1123 139542094931648 "GET /static/css/main.css HTTP/1.1" 200 5235
INFO 2026-02-20 01:15:43,156 basehttp 1123 139542011049664 "GET /static/images/nephele-logo.svg HTTP/1.1" 304 0
INFO 2026-02-20 01:15:43,199 basehttp 1123 139542094931648 "GET /static/images/hotel-bg.svg HTTP/1.1" 304 0
INFO 2026-02-20 01:15:47,633 basehttp 1123 139542002656960 "GET /healthz/ HTTP/1.1" 200 34
WARNING 2026-02-20 01:15:52,303 basehttp 1123 139542094931648 "GET /api/v1/analytics/dashboard/ HTTP/1.1" 404 57816
INFO 2026-02-20 01:15:57,804 basehttp 1123 139542002656960 "GET /healthz/ HTTP/1.1" 200 34
INFO 2026-02-20 01:15:59,814 basehttp 1123 139542002656960 "HEAD /portal/bookings/ HTTP/1.1" 302 0
INFO 2026-02-20 01:15:59,825 basehttp 1123 139542002656960 "HEAD /portal/payments/ HTTP/1.1" 302 0
INFO 2026-02-20 01:15:59,834 basehttp 1123 139542002656960 "HEAD /portal/forecast/ HTTP/1.1" 302 0
INFO 2026-02-20 01:16:07,973 basehttp 1123 139542002656960 "GET /healthz/ HTTP/1.1" 200 34
INFO 2026-02-20 01:16:18,125 basehttp 1123 139542002656960 "GET /healthz/ HTTP/1.1" 200 34
INFO 2026-02-20 01:16:28,283 basehttp 1123 139542094931648 "GET /healthz/ HTTP/1.1" 200 34
INFO 2026-02-20 01:16:38,442 basehttp 1123 139542094931648 "GET /healthz/ HTTP/1.1" 200 34
INFO 2026-02-20 01:16:48,593 basehttp 1123 139542094931648 "GET /healthz/ HTTP/1.1" 200 34
INFO 2026-02-20 01:16:58,746 basehttp 1123 139542094931648 "GET /healthz/ HTTP/1.1" 200 34
INFO 2026-02-20 01:17:08,903 basehttp 1123 139542094931648 "GET /healthz/ HTTP/1.1" 200 34
INFO 2026-02-20 01:17:19,056 basehttp 1123 139542094931648 "GET /healthz/ HTTP/1.1" 200 34
INFO 2026-02-20 01:17:29,210 basehttp 1123 139542094931648 "GET /healthz/ HTTP/1.1" 200 34
INFO 2026-02-20 01:17:39,370 basehttp 1123 139542094931648 "GET /healthz/ HTTP/1.1" 200 34
INFO 2026-02-20 01:17:49,520 basehttp 1123 139542094931648 "GET /healthz/ HTTP/1.1" 200 34
INFO 2026-02-20 01:17:59,694 basehttp 1123 139542094931648 "GET /healthz/ HTTP/1.1" 200 34
INFO 2026-02-20 01:18:09,847 basehttp 1123 139542094931648 "GET /healthz/ HTTP/1.1" 200 34
INFO 2026-02-20 01:18:20,001 basehttp 1123 139542094931648 "GET /healthz/ HTTP/1.1" 200 34
INFO 2026-02-20 01:18:30,155 basehttp 1123 139542094931648 "GET /healthz/ HTTP/1.1" 200 34
INFO 2026-02-20 01:18:40,313 basehttp 1123 139542094931648 "GET /healthz/ HTTP/1.1" 200 34
INFO 2026-02-20 01:18:50,469 basehttp 1123 139542094931648 "GET /healthz/ HTTP/1.1" 200 34
INFO 2026-02-20 01:19:00,623 basehttp 1123 139542094931648 "GET /healthz/ HTTP/1.1" 200 34
INFO 2026-02-20 01:19:10,778 basehttp 1123 139542094931648 "GET /healthz/ HTTP/1.1" 200 34
INFO 2026-02-20 01:19:20,930 basehttp 1123 139542094931648 "GET /healthz/ HTTP/1.1" 200 34
INFO 2026-02-20 01:19:31,085 basehttp 1123 139542094931648 "GET /healthz/ HTTP/1.1" 200 34
INFO 2026-02-20 01:19:41,240 basehttp 1123 139542094931648 "GET /healthz/ HTTP/1.1" 200 34
INFO 2026-02-20 01:19:51,402 basehttp 1123 139542094931648 "GET /healthz/ HTTP/1.1" 200 34
INFO 2026-02-20 01:20:01,554 basehttp 1123 139542094931648 "GET /healthz/ HTTP/1.1" 200 34
INFO 2026-02-20 01:20:11,704 basehttp 1123 139542094931648 "GET /healthz/ HTTP/1.1" 200 34
INFO 2026-02-20 01:20:21,864 basehttp 1123 139542094931648 "GET /healthz/ HTTP/1.1" 200 34
INFO 2026-02-20 01:20:32,019 basehttp 1123 139542094931648 "GET /healthz/ HTTP/1.1" 200 34
INFO 2026-02-20 01:20:42,174 basehttp 1123 139542094931648 "GET /healthz/ HTTP/1.1" 200 34
INFO 2026-02-20 01:20:52,333 basehttp 1123 139542094931648 "GET /healthz/ HTTP/1.1" 200 34
INFO 2026-02-20 01:21:02,484 basehttp 1123 139542094931648 "GET /healthz/ HTTP/1.1" 200 34
INFO 2026-02-20 01:21:12,641 basehttp 1123 139542094931648 "GET /healthz/ HTTP/1.1" 200 34
INFO 2026-02-20 01:21:22,797 basehttp 1123 139542094931648 "GET /healthz/ HTTP/1.1" 200 34
INFO 2026-02-20 01:21:32,957 basehttp 1123 139542094931648 "GET /healthz/ HTTP/1.1" 200 34
INFO 2026-02-20 01:21:43,111 basehttp 1123 139542094931648 "GET /healthz/ HTTP/1.1" 200 34
INFO 2026-02-20 01:21:47,611 basehttp 1123 139542094931648 "GET /portal/business-intelligence/ HTTP/1.1" 200 11942
INFO 2026-02-20 01:21:47,672 basehttp 1123 139542094931648 "GET /static/css/main.css HTTP/1.1" 304 0
INFO 2026-02-20 01:21:47,788 basehttp 1123 139542011049664 "GET /static/images/nephele-logo.svg HTTP/1.1" 304 0
INFO 2026-02-20 01:21:48,259 basehttp 1123 139542094931648 "GET /static/images/hotel-bg.svg HTTP/1.1" 304 0
INFO 2026-02-20 01:21:51,291 basehttp 1123 139542094931648 "GET /home/ HTTP/1.1" 200 12428
INFO 2026-02-20 01:21:53,262 basehttp 1123 139542002656960 "GET /healthz/ HTTP/1.1" 200 34
INFO 2026-02-20 01:22:03,422 basehttp 1123 139542002656960 "GET /healthz/ HTTP/1.1" 200 34
INFO 2026-02-20 01:22:13,589 basehttp 1123 139542002656960 "GET /healthz/ HTTP/1.1" 200 34
INFO 2026-02-20 01:22:23,743 basehttp 1123 139542094931648 "GET /healthz/ HTTP/1.1" 200 34
INFO 2026-02-20 01:22:33,900 basehttp 1123 139542094931648 "GET /healthz/ HTTP/1.1" 200 34
INFO 2026-02-20 01:22:40,292 basehttp 1123 139542094931648 "HEAD /portal/bookings/ HTTP/1.1" 302 0
INFO 2026-02-20 01:22:40,302 basehttp 1123 139542094931648 "HEAD /portal/payments/ HTTP/1.1" 302 0
INFO 2026-02-20 01:22:40,311 basehttp 1123 139542094931648 "HEAD /portal/forecast/ HTTP/1.1" 302 0
INFO 2026-02-20 01:22:44,062 basehttp 1123 139542094931648 "GET /healthz/ HTTP/1.1" 200 34
INFO 2026-02-20 01:22:54,217 basehttp 1123 139542094931648 "GET /healthz/ HTTP/1.1" 200 34
INFO 2026-02-20 01:23:04,369 basehttp 1123 139542094931648 "GET /healthz/ HTTP/1.1" 200 34
INFO 2026-02-20 01:23:14,535 basehttp 1123 139542094931648 "GET /healthz/ HTTP/1.1" 200 34
INFO 2026-02-20 01:23:24,689 basehttp 1123 139542094931648 "GET /healthz/ HTTP/1.1" 200 34
INFO 2026-02-20 01:23:34,847 basehttp 1123 139542094931648 "GET /healthz/ HTTP/1.1" 200 34
INFO 2026-02-20 01:23:45,015 basehttp 1123 139542094931648 "GET /healthz/ HTTP/1.1" 200 34
INFO 2026-02-20 01:23:55,165 basehttp 1123 139542094931648 "GET /healthz/ HTTP/1.1" 200 34
INFO 2026-02-20 01:24:05,323 basehttp 1123 139542094931648 "GET /healthz/ HTTP/1.1" 200 34
INFO 2026-02-20 01:24:15,479 basehttp 1123 139542094931648 "GET /healthz/ HTTP/1.1" 200 34
INFO 2026-02-20 01:24:20,753 basehttp 1123 139542094931648 "GET /portal/business-intelligence/ HTTP/1.1" 200 13206
INFO 2026-02-20 01:24:20,805 basehttp 1123 139542094931648 "GET /static/css/main.css HTTP/1.1" 200 5505
INFO 2026-02-20 01:24:25,640 basehttp 1123 139542011049664 "GET /healthz/ HTTP/1.1" 200 34
INFO 2026-02-20 01:24:26,154 basehttp 1123 139542094931648 "GET /portal/forecast/ HTTP/1.1" 200 15427
INFO 2026-02-20 01:24:26,613 basehttp 1123 139542094931648 "GET /static/images/nephele-logo.svg HTTP/1.1" 304 0
INFO 2026-02-20 01:24:26,695 basehttp 1123 139542011049664 "GET /static/images/hotel-bg.svg HTTP/1.1" 304 0
INFO 2026-02-20 01:24:35,794 basehttp 1123 139542002656960 "GET /healthz/ HTTP/1.1" 200 34
INFO 2026-02-20 01:24:45,948 basehttp 1123 139542002656960 "GET /healthz/ HTTP/1.1" 200 34
INFO 2026-02-20 01:24:56,106 basehttp 1123 139542011049664 "GET /healthz/ HTTP/1.1" 200 34
INFO 2026-02-20 01:25:06,257 basehttp 1123 139542011049664 "GET /healthz/ HTTP/1.1" 200 34
INFO 2026-02-20 01:25:16,400 basehttp 1123 139542011049664 "GET /healthz/ HTTP/1.1" 200 34
INFO 2026-02-20 01:25:19,986 basehttp 1123 139542011049664 "GET /portal/contracts/ HTTP/1.1" 200 13045
INFO 2026-02-20 01:25:20,031 basehttp 1123 139542094931648 "GET /static/css/main.css HTTP/1.1" 304 0
INFO 2026-02-20 01:25:24,604 basehttp 1123 139542094931648 "GET /contracts/ HTTP/1.1" 200 2
INFO 2026-02-20 01:25:26,574 basehttp 1123 139542002656960 "GET /healthz/ HTTP/1.1" 200 34
INFO 2026-02-20 01:25:36,731 basehttp 1123 139542002656960 "GET /healthz/ HTTP/1.1" 200 34
INFO 2026-02-20 01:25:46,698 basehttp 1123 139542094931648 "GET /portal/pricing/ HTTP/1.1" 200 13207
INFO 2026-02-20 01:25:46,887 basehttp 1123 139542002656960 "GET /healthz/ HTTP/1.1" 200 34
INFO 2026-02-20 01:25:47,061 basehttp 1123 139542011049664 "GET /static/css/main.css HTTP/1.1" 200 5571
INFO 2026-02-20 01:25:47,079 basehttp 1123 139542094931648 "GET /static/images/nephele-mark.svg HTTP/1.1" 200 616
WARNING 2026-02-20 01:25:50,493 basehttp 1123 139542094931648 "GET /api/v1/bookings/dynamic-price/1/ HTTP/1.1" 404 5824
INFO 2026-02-20 01:25:50,854 basehttp 1123 139542011049664 "GET /static/rest_framework/css/bootstrap-tweaks.css HTTP/1.1" 304 0
INFO 2026-02-20 01:25:50,856 basehttp 1123 139542094931648 "GET /static/rest_framework/css/default.css HTTP/1.1" 304 0
INFO 2026-02-20 01:25:50,880 basehttp 1123 139542011049664 "GET /static/rest_framework/js/csrf.js HTTP/1.1" 304 0
INFO 2026-02-20 01:25:50,881 basehttp 1123 139542094931648 "GET /static/rest_framework/js/prettify-min.js HTTP/1.1" 304 0
INFO 2026-02-20 01:25:50,928 basehttp 1123 139542002656960 "GET /static/rest_framework/css/prettify.css HTTP/1.1" 304 0
INFO 2026-02-20 01:25:50,933 basehttp 1123 139541994264256 "GET /static/rest_framework/css/bootstrap.min.css HTTP/1.1" 304 0
INFO 2026-02-20 01:25:50,934 basehttp 1123 139541985871552 "GET /static/rest_framework/js/ajax-form.js HTTP/1.1" 304 0
INFO 2026-02-20 01:25:50,935 basehttp 1123 139541977478848 "GET /static/rest_framework/js/jquery-3.5.1.min.js HTTP/1.1" 304 0
INFO 2026-02-20 01:25:50,946 basehttp 1123 139542094931648 "GET /static/rest_framework/js/bootstrap.min.js HTTP/1.1" 304 0
INFO 2026-02-20 01:25:50,946 basehttp 1123 139542011049664 "GET /static/rest_framework/js/default.js HTTP/1.1" 304 0
INFO 2026-02-20 01:25:50,988 basehttp 1123 139542002656960 "GET /static/rest_framework/img/grid.png HTTP/1.1" 304 0
INFO 2026-02-20 01:25:57,058 basehttp 1123 139541969086144 "GET /healthz/ HTTP/1.1" 200 34
INFO 2026-02-20 01:26:07,221 basehttp 1123 139541969086144 "GET /healthz/ HTTP/1.1" 200 34
INFO 2026-02-20 01:26:11,097 basehttp 1123 139541969086144 "HEAD /home/ HTTP/1.1" 302 0
INFO 2026-02-20 01:26:11,107 basehttp 1123 139541969086144 "HEAD /portal/bookings/ HTTP/1.1" 302 0
INFO 2026-02-20 01:26:11,116 basehttp 1123 139541969086144 "HEAD /portal/payments/ HTTP/1.1" 302 0
INFO 2026-02-20 01:26:17,381 basehttp 1123 139541969086144 "GET /healthz/ HTTP/1.1" 200 34
INFO 2026-02-20 01:26:24,603 basehttp 1123 139542002656960 "GET /portal/pricing/ HTTP/1.1" 200 14067
INFO 2026-02-20 01:26:24,665 basehttp 1123 139542002656960 "GET /static/css/main.css HTTP/1.1" 200 5731
INFO 2026-02-20 01:26:24,756 basehttp 1123 139542011049664 "GET /static/images/nephele-mark.svg HTTP/1.1" 200 616
INFO 2026-02-20 01:26:27,533 basehttp 1123 139542094931648 "GET /healthz/ HTTP/1.1" 200 34
INFO 2026-02-20 01:26:37,688 basehttp 1123 139542094931648 "GET /healthz/ HTTP/1.1" 200 34
INFO 2026-02-20 01:26:41,360 basehttp 1123 139542011049664 "GET /portal/tasks/ HTTP/1.1" 200 13935
INFO 2026-02-20 01:26:41,732 basehttp 1123 139542002656960 "GET /static/css/main.css HTTP/1.1" 304 0
INFO 2026-02-20 01:26:41,757 basehttp 1123 139542011049664 "GET /static/images/nephele-mark.svg HTTP/1.1" 304 0
INFO 2026-02-20 01:26:47,842 basehttp 1123 139542094931648 "GET /healthz/ HTTP/1.1" 200 34
INFO 2026-02-20 01:26:57,991 basehttp 1123 139542094931648 "GET /healthz/ HTTP/1.1" 200 34
INFO 2026-02-20 01:27:08,146 basehttp 1123 139542094931648 "GET /healthz/ HTTP/1.1" 200 34
INFO 2026-02-20 01:27:18,296 basehttp 1123 139542011049664 "GET /healthz/ HTTP/1.1" 200 34
INFO 2026-02-20 01:27:28,452 basehttp 1123 139542011049664 "GET /healthz/ HTTP/1.1" 200 34
INFO 2026-02-20 01:27:38,608 basehttp 1123 139542011049664 "GET /healthz/ HTTP/1.1" 200 34
INFO 2026-02-20 01:27:48,774 basehttp 1123 139542011049664 "GET /healthz/ HTTP/1.1" 200 34
INFO 2026-02-20 01:27:58,937 basehttp 1123 139542011049664 "GET /healthz/ HTTP/1.1" 200 34
INFO 2026-02-20 01:28:09,108 basehttp 1123 139542011049664 "GET /healthz/ HTTP/1.1" 200 34
INFO 2026-02-20 01:28:19,262 basehttp 1123 139542011049664 "GET /healthz/ HTTP/1.1" 200 34
INFO 2026-02-20 01:28:29,428 basehttp 1123 139542011049664 "GET /healthz/ HTTP/1.1" 200 34
INFO 2026-02-20 01:28:39,581 basehttp 1123 139542011049664 "GET /healthz/ HTTP/1.1" 200 34
INFO 2026-02-20 01:28:49,742 basehttp 1123 139542011049664 "GET /healthz/ HTTP/1.1" 200 34
INFO 2026-02-20 01:28:59,900 basehttp 1123 139542011049664 "GET /healthz/ HTTP/1.1" 200 34
INFO 2026-02-20 01:29:07,913 autoreload 1123 139542186015616 /app/HMS/HMS/web_views.py changed, reloading.
INFO 2026-02-20 01:29:08,396 autoreload 1731 133897225366400 Watching for file changes with StatReloader
INFO 2026-02-20 01:29:09,603 autoreload 1731 133897225366400 /app/HMS/HMS/web_views.py changed, reloading.
INFO 2026-02-20 01:29:10,118 autoreload 1733 133984750959488 Watching for file changes with StatReloader
INFO 2026-02-20 01:29:14,367 autoreload 1733 133984750959488 /app/HMS/HMS/urls.py changed, reloading.
INFO 2026-02-20 01:29:14,859 autoreload 1741 140654828100480 Watching for file changes with StatReloader
INFO 2026-02-20 01:29:20,208 basehttp 1741 140654736828096 "GET /healthz/ HTTP/1.1" 200 34
INFO 2026-02-20 01:29:30,363 basehttp 1741 140654736828096 "GET /healthz/ HTTP/1.1" 200 34
INFO 2026-02-20 01:29:39,245 basehttp 1741 140654736828096 "HEAD /portal/users/ HTTP/1.1" 302 0
INFO 2026-02-20 01:29:39,256 basehttp 1741 140654736828096 "HEAD /portal/users/create/ HTTP/1.1" 302 0
INFO 2026-02-20 01:29:39,267 basehttp 1741 140654736828096 "HEAD /portal/payments/read/ HTTP/1.1" 302 0
INFO 2026-02-20 01:29:39,276 basehttp 1741 140654736828096 "HEAD /portal/forecast/delete/ HTTP/1.1" 302 0
INFO 2026-02-20 01:29:40,518 basehttp 1741 140654736828096 "GET /healthz/ HTTP/1.1" 200 34
INFO 2026-02-20 01:29:50,669 basehttp 1741 140654736828096 "GET /healthz/ HTTP/1.1" 200 34
INFO 2026-02-20 01:30:00,830 basehttp 1741 140654736828096 "GET /healthz/ HTTP/1.1" 200 34
INFO 2026-02-20 01:30:10,986 basehttp 1741 140654736828096 "GET /healthz/ HTTP/1.1" 200 34
INFO 2026-02-20 01:30:21,034 basehttp 1741 140654736828096 "GET /portal/tasks/ HTTP/1.1" 200 13509
INFO 2026-02-20 01:30:21,155 basehttp 1741 140654726338240 "GET /healthz/ HTTP/1.1" 200 34
INFO 2026-02-20 01:30:21,573 basehttp 1741 140654736828096 "GET /static/css/main.css HTTP/1.1" 304 0
INFO 2026-02-20 01:30:21,651 basehttp 1741 140654726338240 "GET /static/images/nephele-mark.svg HTTP/1.1" 304 0
INFO 2026-02-20 01:30:22,099 basehttp 1741 140654736828096 "GET /static/images/hotel-bg.svg HTTP/1.1" 304 0
INFO 2026-02-20 01:30:28,613 basehttp 1741 140654736828096 "GET /admin/accounts/task/ HTTP/1.1" 302 0
INFO 2026-02-20 01:30:28,660 basehttp 1741 140654726338240 "GET /admin/login/?next=/admin/accounts/task/ HTTP/1.1" 200 3728
INFO 2026-02-20 01:30:29,051 basehttp 1741 140654726338240 "GET /static/admin/css/dark_mode.css HTTP/1.1" 304 0
INFO 2026-02-20 01:30:29,051 basehttp 1741 140654736828096 "GET /static/admin/css/base.css HTTP/1.1" 304 0
INFO 2026-02-20 01:30:29,072 basehttp 1741 140654736828096 "GET /static/admin/css/responsive.css HTTP/1.1" 304 0
INFO 2026-02-20 01:30:29,127 basehttp 1741 140654700111552 "GET /static/admin/css/nav_sidebar.css HTTP/1.1" 304 0
INFO 2026-02-20 01:30:29,127 basehttp 1741 140654708504256 "GET /static/admin/js/nav_sidebar.js HTTP/1.1" 304 0
INFO 2026-02-20 01:30:29,127 basehttp 1741 140654716896960 "GET /static/admin/js/theme.js HTTP/1.1" 304 0
INFO 2026-02-20 01:30:29,128 basehttp 1741 140654691718848 "GET /static/admin/css/login.css HTTP/1.1" 304 0
INFO 2026-02-20 01:30:31,313 basehttp 1741 140654206252736 "GET /healthz/ HTTP/1.1" 200 34
INFO 2026-02-20 01:30:32,853 basehttp 1741 140654736828096 "GET /portal/pricing/ HTTP/1.1" 200 13550
INFO 2026-02-20 01:30:33,847 basehttp 1741 140654700111552 "GET /portal/contracts/ HTTP/1.1" 200 13523
INFO 2026-02-20 01:30:35,138 basehttp 1741 140654691718848 "GET /contracts/ HTTP/1.1" 200 2
INFO 2026-02-20 01:30:39,327 basehttp 1741 140654736828096 "GET /portal/contracts/create/ HTTP/1.1" 200 6855
INFO 2026-02-20 01:30:41,481 basehttp 1741 140654206252736 "GET /healthz/ HTTP/1.1" 200 34
INFO 2026-02-20 01:30:51,634 basehttp 1741 140654206252736 "GET /healthz/ HTTP/1.1" 200 34
INFO 2026-02-20 01:31:01,554 autoreload 1741 140654828100480 /app/HMS/HMS/web_views.py changed, reloading.
INFO 2026-02-20 01:31:02,052 autoreload 1829 125401662770048 Watching for file changes with StatReloader
INFO 2026-02-20 01:31:03,263 autoreload 1829 125401662770048 /app/HMS/HMS/web_views.py changed, reloading.
INFO 2026-02-20 01:31:03,747 autoreload 1837 124686317251456 Watching for file changes with StatReloader
INFO 2026-02-20 01:31:07,997 autoreload 1837 124686317251456 /app/HMS/HMS/urls.py changed, reloading.
INFO 2026-02-20 01:31:08,524 autoreload 1839 138944376863616 Watching for file changes with StatReloader
INFO 2026-02-20 01:31:09,736 autoreload 1839 138944376863616 /app/HMS/HMS/urls.py changed, reloading.
INFO 2026-02-20 01:31:10,212 autoreload 1841 138738659261312 Watching for file changes with StatReloader
INFO 2026-02-20 01:31:11,948 basehttp 1841 138738567997120 "GET /healthz/ HTTP/1.1" 200 34
INFO 2026-02-20 01:31:22,113 basehttp 1841 138738567997120 "GET /healthz/ HTTP/1.1" 200 34
INFO 2026-02-20 01:31:32,271 basehttp 1841 138738567997120 "GET /healthz/ HTTP/1.1" 200 34
INFO 2026-02-20 01:31:35,863 basehttp 1841 138738567997120 "HEAD /portal/users/read/ HTTP/1.1" 302 0
INFO 2026-02-20 01:31:35,872 basehttp 1841 138738567997120 "HEAD /portal/rooms/create/ HTTP/1.1" 302 0
INFO 2026-02-20 01:31:35,882 basehttp 1841 138738567997120 "HEAD /portal/bookings/update/ HTTP/1.1" 302 0
INFO 2026-02-20 01:31:35,890 basehttp 1841 138738567997120 "HEAD /portal/notifications/delete/ HTTP/1.1" 302 0
INFO 2026-02-20 01:31:35,900 basehttp 1841 138738567997120 "HEAD /portal/forecast/read/ HTTP/1.1" 302 0
INFO 2026-02-20 01:31:42,431 basehttp 1841 138738567997120 "GET /healthz/ HTTP/1.1" 200 34
INFO 2026-02-20 01:31:52,590 basehttp 1841 138738567997120 "GET /healthz/ HTTP/1.1" 200 34
INFO 2026-02-20 01:32:02,748 basehttp 1841 138738567997120 "GET /healthz/ HTTP/1.1" 200 34
INFO 2026-02-20 01:32:05,845 basehttp 1841 138738567997120 "GET /portal/contracts/ HTTP/1.1" 200 13523
INFO 2026-02-20 01:32:05,900 basehttp 1841 138738567997120 "GET /static/css/main.css HTTP/1.1" 304 0
INFO 2026-02-20 01:32:05,990 basehttp 1841 138738557507264 "GET /static/images/nephele-mark.svg HTTP/1.1" 304 0
INFO 2026-02-20 01:32:09,181 basehttp 1841 138738557507264 "GET /portal/contracts/create/ HTTP/1.1" 200 11589
INFO 2026-02-20 01:32:12,898 basehttp 1841 138738549114560 "GET /healthz/ HTTP/1.1" 200 34
INFO 2026-02-20 01:32:23,058 basehttp 1841 138738549114560 "GET /healthz/ HTTP/1.1" 200 34
INFO 2026-02-20 01:32:25,508 basehttp 1841 138738557507264 "GET /portal/rooms/ HTTP/1.1" 200 13507
INFO 2026-02-20 01:32:27,632 basehttp 1841 138738557507264 "GET /portal/rooms/create/ HTTP/1.1" 200 9764
INFO 2026-02-20 01:32:32,595 autoreload 1841 138738659261312 /app/HMS/HMS/web_views.py changed, reloading.
INFO 2026-02-20 01:32:33,081 autoreload 1912 138754977491840 Watching for file changes with StatReloader
INFO 2026-02-20 01:32:41,745 basehttp 1912 138754885936832 "GET /portal/bookings/ HTTP/1.1" 200 14370
INFO 2026-02-20 01:32:41,815 basehttp 1912 138754885936832 "GET /static/css/main.css HTTP/1.1" 304 0
INFO 2026-02-20 01:32:41,898 basehttp 1912 138754876495552 "GET /static/images/nephele-mark.svg HTTP/1.1" 304 0
INFO 2026-02-20 01:32:43,367 basehttp 1912 138754867054272 "GET /healthz/ HTTP/1.1" 200 34
INFO 2026-02-20 01:32:53,519 basehttp 1912 138754867054272 "GET /healthz/ HTTP/1.1" 200 34
INFO 2026-02-20 01:32:54,592 autoreload 1912 138754977491840 /app/HMS/HMS/web_views.py changed, reloading.
INFO 2026-02-20 01:32:55,081 autoreload 1935 140601203403648 Watching for file changes with StatReloader
INFO 2026-02-20 01:32:57,061 basehttp 1935 140601111602880 "HEAD /portal/users/create/ HTTP/1.1" 302 0
INFO 2026-02-20 01:32:57,072 basehttp 1935 140601111602880 "HEAD /portal/rooms/read/ HTTP/1.1" 302 0
INFO 2026-02-20 01:32:57,081 basehttp 1935 140601111602880 "HEAD /portal/contracts/update/ HTTP/1.1" 302 0
INFO 2026-02-20 01:32:57,090 basehttp 1935 140601111602880 "HEAD /portal/business-intelligence/read/ HTTP/1.1" 302 0
INFO 2026-02-20 01:32:57,098 basehttp 1935 140601111602880 "HEAD /portal/forecast/create/ HTTP/1.1" 302 0
INFO 2026-02-20 01:33:03,670 basehttp 1935 140601111602880 "GET /healthz/ HTTP/1.1" 200 34
INFO 2026-02-20 01:33:13,821 basehttp 1935 140601111602880 "GET /healthz/ HTTP/1.1" 200 34
INFO 2026-02-20 01:33:23,984 basehttp 1935 140601111602880 "GET /healthz/ HTTP/1.1" 200 34
INFO 2026-02-20 01:33:34,136 basehttp 1935 140601111602880 "GET /healthz/ HTTP/1.1" 200 34
INFO 2026-02-20 01:33:44,290 basehttp 1935 140601111602880 "GET /healthz/ HTTP/1.1" 200 34
INFO 2026-02-20 01:33:54,443 basehttp 1935 140601111602880 "GET /healthz/ HTTP/1.1" 200 34
INFO 2026-02-20 01:34:04,602 basehttp 1935 140601111602880 "GET /healthz/ HTTP/1.1" 200 34
INFO 2026-02-20 01:34:14,763 basehttp 1935 140601111602880 "GET /healthz/ HTTP/1.1" 200 34
INFO 2026-02-20 01:34:24,917 basehttp 1935 140601111602880 "GET /healthz/ HTTP/1.1" 200 34
INFO 2026-02-20 01:34:35,075 basehttp 1935 140601111602880 "GET /healthz/ HTTP/1.1" 200 34
INFO 2026-02-20 01:34:45,228 basehttp 1935 140601111602880 "GET /healthz/ HTTP/1.1" 200 34
INFO 2026-02-20 01:34:55,381 basehttp 1935 140601111602880 "GET /healthz/ HTTP/1.1" 200 34
INFO 2026-02-20 01:35:05,542 basehttp 1935 140601111602880 "GET /healthz/ HTTP/1.1" 200 34
INFO 2026-02-20 01:35:15,697 basehttp 1935 140601111602880 "GET /healthz/ HTTP/1.1" 200 34
INFO 2026-02-20 01:35:25,858 basehttp 1935 140601111602880 "GET /healthz/ HTTP/1.1" 200 34
INFO 2026-02-20 01:35:36,019 basehttp 1935 140601111602880 "GET /healthz/ HTTP/1.1" 200 34
INFO 2026-02-20 01:35:46,178 basehttp 1935 140601111602880 "GET /healthz/ HTTP/1.1" 200 34
INFO 2026-02-20 01:35:56,348 basehttp 1935 140601111602880 "GET /healthz/ HTTP/1.1" 200 34
INFO 2026-02-20 01:36:06,504 basehttp 1935 140601111602880 "GET /healthz/ HTTP/1.1" 200 34
INFO 2026-02-20 01:36:16,657 basehttp 1935 140601111602880 "GET /healthz/ HTTP/1.1" 200 34
INFO 2026-02-20 01:36:26,815 basehttp 1935 140601111602880 "GET /healthz/ HTTP/1.1" 200 34
INFO 2026-02-20 01:36:36,979 basehttp 1935 140601111602880 "GET /healthz/ HTTP/1.1" 200 34
INFO 2026-02-20 01:36:47,135 basehttp 1935 140601111602880 "GET /healthz/ HTTP/1.1" 200 34
INFO 2026-02-20 01:36:57,291 basehttp 1935 140601111602880 "GET /healthz/ HTTP/1.1" 200 34
INFO 2026-02-20 01:37:04,476 autoreload 1935 140601203403648 /app/HMS/HMS/web_views.py changed, reloading.
INFO 2026-02-20 01:37:04,962 autoreload 2116 132035067566976 Watching for file changes with StatReloader
INFO 2026-02-20 01:37:06,181 autoreload 2116 132035067566976 /app/HMS/HMS/web_views.py changed, reloading.
INFO 2026-02-20 01:37:06,665 autoreload 2118 135415876791168 Watching for file changes with StatReloader
INFO 2026-02-20 01:37:07,443 basehttp 2118 135415785842368 "GET /healthz/ HTTP/1.1" 200 34
INFO 2026-02-20 01:37:17,606 basehttp 2118 135415785842368 "GET /healthz/ HTTP/1.1" 200 34
INFO 2026-02-20 01:37:27,782 basehttp 2118 135415785842368 "GET /healthz/ HTTP/1.1" 200 34
INFO 2026-02-20 01:37:33,763 basehttp 2118 135415785842368 "HEAD /portal/users/ HTTP/1.1" 302 0
INFO 2026-02-20 01:37:33,774 basehttp 2118 135415785842368 "HEAD /portal/users/create/ HTTP/1.1" 302 0
INFO 2026-02-20 01:37:33,784 basehttp 2118 135415785842368 "HEAD /portal/users/update/1/ HTTP/1.1" 302 0
INFO 2026-02-20 01:37:33,793 basehttp 2118 135415785842368 "HEAD /portal/users/delete/1/ HTTP/1.1" 302 0
INFO 2026-02-20 01:37:37,951 basehttp 2118 135415785842368 "GET /healthz/ HTTP/1.1" 200 34
INFO 2026-02-20 01:37:42,338 basehttp 2118 135415785842368 "GET /portal/bookings/ HTTP/1.1" 200 14970
INFO 2026-02-20 01:37:42,924 basehttp 2118 135415785842368 "GET /static/css/main.css HTTP/1.1" 200 6229
INFO 2026-02-20 01:37:43,045 basehttp 2118 135415774303936 "GET /static/images/nephele-mark.svg HTTP/1.1" 304 0
INFO 2026-02-20 01:37:43,497 basehttp 2118 135415785842368 "GET /static/images/hotel-bg.svg HTTP/1.1" 304 0
INFO 2026-02-20 01:37:48,120 basehttp 2118 135415765911232 "GET /healthz/ HTTP/1.1" 200 34
INFO 2026-02-20 01:37:49,092 basehttp 2118 135415785842368 "GET /portal/guests/ HTTP/1.1" 200 14133
INFO 2026-02-20 01:37:49,509 basehttp 2118 135415774303936 "GET /static/css/main.css HTTP/1.1" 304 0
INFO 2026-02-20 01:37:54,829 basehttp 2118 135415774303936 "GET /portal/payments/ HTTP/1.1" 200 15653
INFO 2026-02-20 01:37:55,262 basehttp 2118 135415785842368 "GET /static/css/main.css HTTP/1.1" 304 0
INFO 2026-02-20 01:37:58,275 basehttp 2118 135415765911232 "GET /healthz/ HTTP/1.1" 200 34
INFO 2026-02-20 01:38:08,430 basehttp 2118 135415765911232 "GET /healthz/ HTTP/1.1" 200 34
INFO 2026-02-20 01:38:18,588 basehttp 2118 135415765911232 "GET /healthz/ HTTP/1.1" 200 34
INFO 2026-02-20 01:38:28,745 basehttp 2118 135415785842368 "GET /healthz/ HTTP/1.1" 200 34
INFO 2026-02-20 01:38:38,904 basehttp 2118 135415785842368 "GET /healthz/ HTTP/1.1" 200 34
INFO 2026-02-20 01:38:49,070 basehttp 2118 135415785842368 "GET /healthz/ HTTP/1.1" 200 34
INFO 2026-02-20 01:38:59,230 basehttp 2118 135415785842368 "GET /healthz/ HTTP/1.1" 200 34
INFO 2026-02-20 01:39:09,381 basehttp 2118 135415785842368 "GET /healthz/ HTTP/1.1" 200 34
INFO 2026-02-20 01:39:19,540 basehttp 2118 135415785842368 "GET /healthz/ HTTP/1.1" 200 34
INFO 2026-02-20 01:39:29,703 basehttp 2118 135415785842368 "GET /healthz/ HTTP/1.1" 200 34
INFO 2026-02-20 01:39:39,856 basehttp 2118 135415785842368 "GET /healthz/ HTTP/1.1" 200 34
INFO 2026-02-20 01:39:50,011 basehttp 2118 135415785842368 "GET /healthz/ HTTP/1.1" 200 34
INFO 2026-02-20 01:40:00,162 basehttp 2118 135415785842368 "GET /healthz/ HTTP/1.1" 200 34
INFO 2026-02-20 01:40:10,312 basehttp 2118 135415785842368 "GET /healthz/ HTTP/1.1" 200 34
INFO 2026-02-20 01:40:20,469 basehttp 2118 135415785842368 "GET /healthz/ HTTP/1.1" 200 34
INFO 2026-02-20 01:40:30,632 basehttp 2118 135415785842368 "GET /healthz/ HTTP/1.1" 200 34
INFO 2026-02-20 01:40:40,794 basehttp 2118 135415785842368 "GET /healthz/ HTTP/1.1" 200 34
INFO 2026-02-20 01:40:50,955 basehttp 2118 135415785842368 "GET /healthz/ HTTP/1.1" 200 34
INFO 2026-02-20 01:41:01,109 basehttp 2118 135415785842368 "GET /healthz/ HTTP/1.1" 200 34
INFO 2026-02-20 01:41:11,259 basehttp 2118 135415785842368 "GET /healthz/ HTTP/1.1" 200 34
INFO 2026-02-20 01:41:21,427 basehttp 2118 135415785842368 "GET /healthz/ HTTP/1.1" 200 34
INFO 2026-02-20 01:41:31,586 basehttp 2118 135415785842368 "GET /healthz/ HTTP/1.1" 200 34
INFO 2026-02-20 01:41:41,743 basehttp 2118 135415785842368 "GET /healthz/ HTTP/1.1" 200 34
INFO 2026-02-20 01:41:51,898 basehttp 2118 135415785842368 "GET /healthz/ HTTP/1.1" 200 34
INFO 2026-02-20 01:42:02,055 basehttp 2118 135415785842368 "GET /healthz/ HTTP/1.1" 200 34
INFO 2026-02-20 01:42:12,216 basehttp 2118 135415785842368 "GET /healthz/ HTTP/1.1" 200 34
INFO 2026-02-20 01:42:14,838 autoreload 2118 135415876791168 /app/HMS/HMS/web_views.py changed, reloading.
INFO 2026-02-20 01:42:15,362 autoreload 2349 138487371889536 Watching for file changes with StatReloader
INFO 2026-02-20 01:42:16,579 autoreload 2349 138487371889536 /app/HMS/HMS/web_views.py changed, reloading.
INFO 2026-02-20 01:42:17,068 autoreload 2351 128516806876032 Watching for file changes with StatReloader
INFO 2026-02-20 01:42:22,374 basehttp 2351 128516714653376 "GET /healthz/ HTTP/1.1" 200 34
INFO 2026-02-20 01:42:32,536 basehttp 2351 128516714653376 "GET /healthz/ HTTP/1.1" 200 34
INFO 2026-02-20 01:42:42,699 basehttp 2351 128516714653376 "GET /healthz/ HTTP/1.1" 200 34
INFO 2026-02-20 01:42:52,863 basehttp 2351 128516714653376 "GET /healthz/ HTTP/1.1" 200 34
INFO 2026-02-20 01:43:03,024 basehttp 2351 128516714653376 "GET /healthz/ HTTP/1.1" 200 34
INFO 2026-02-20 01:43:03,890 basehttp 2351 128516714653376 "HEAD /portal/users/view/1/ HTTP/1.1" 302 0
INFO 2026-02-20 01:43:03,901 basehttp 2351 128516714653376 "HEAD /portal/users/view/1/?panel=1 HTTP/1.1" 302 0
INFO 2026-02-20 01:43:03,912 basehttp 2351 128516714653376 "HEAD /portal/users/update/1/?panel=1 HTTP/1.1" 302 0
INFO 2026-02-20 01:43:03,923 basehttp 2351 128516714653376 "HEAD /portal/users/ HTTP/1.1" 302 0
INFO 2026-02-20 01:43:11,161 basehttp 2351 128516714653376 "GET /portal/payments/ HTTP/1.1" 200 18633
INFO 2026-02-20 01:43:11,658 basehttp 2351 128516714653376 "GET /static/css/main.css HTTP/1.1" 200 7563
INFO 2026-02-20 01:43:11,743 basehttp 2351 128516628674240 "GET /static/images/nephele-mark.svg HTTP/1.1" 304 0
INFO 2026-02-20 01:43:12,253 basehttp 2351 128516714653376 "GET /static/images/hotel-bg.svg HTTP/1.1" 304 0
INFO 2026-02-20 01:43:13,188 basehttp 2351 128516620281536 "GET /healthz/ HTTP/1.1" 200 34
INFO 2026-02-20 01:43:23,358 basehttp 2351 128516620281536 "GET /healthz/ HTTP/1.1" 200 34
INFO 2026-02-20 01:43:33,516 basehttp 2351 128516620281536 "GET /healthz/ HTTP/1.1" 200 34
INFO 2026-02-20 01:43:39,848 basehttp 2351 128516714653376 "GET /portal/guests/ HTTP/1.1" 200 17111
INFO 2026-02-20 01:43:40,244 basehttp 2351 128516628674240 "GET /static/css/main.css HTTP/1.1" 304 0
INFO 2026-02-20 01:43:41,564 basehttp 2351 128516714653376 "GET /portal/guests/create/?panel=1 HTTP/1.1" 200 10107
INFO 2026-02-20 01:43:43,671 basehttp 2351 128516620281536 "GET /healthz/ HTTP/1.1" 200 34
INFO 2026-02-20 01:43:46,751 basehttp 2351 128516628674240 "GET /portal/guests/create/?panel=1 HTTP/1.1" 200 10107
INFO 2026-02-20 01:43:49,738 basehttp 2351 128516628674240 "GET /admin/accounts/guest/ HTTP/1.1" 302 0
INFO 2026-02-20 01:43:49,784 basehttp 2351 128516714653376 "GET /admin/login/?next=/admin/accounts/guest/ HTTP/1.1" 200 3730
INFO 2026-02-20 01:43:50,173 basehttp 2351 128516714653376 "GET /static/admin/css/dark_mode.css HTTP/1.1" 304 0
INFO 2026-02-20 01:43:50,174 basehttp 2351 128516628674240 "GET /static/admin/css/base.css HTTP/1.1" 304 0
INFO 2026-02-20 01:43:50,200 basehttp 2351 128516714653376 "GET /static/admin/css/responsive.css HTTP/1.1" 304 0
INFO 2026-02-20 01:43:50,246 basehttp 2351 128516620281536 "GET /static/admin/js/theme.js HTTP/1.1" 304 0
INFO 2026-02-20 01:43:50,248 basehttp 2351 128516611888832 "GET /static/admin/css/nav_sidebar.css HTTP/1.1" 304 0
INFO 2026-02-20 01:43:50,250 basehttp 2351 128516603496128 "GET /static/admin/js/nav_sidebar.js HTTP/1.1" 304 0
INFO 2026-02-20 01:43:50,250 basehttp 2351 128516595103424 "GET /static/admin/css/login.css HTTP/1.1" 304 0
INFO 2026-02-20 01:43:53,828 basehttp 2351 128516586710720 "GET /healthz/ HTTP/1.1" 200 34
INFO 2026-02-20 01:43:55,467 basehttp 2351 128516714653376 "GET /portal/bookings/ HTTP/1.1" 200 18911
INFO 2026-02-20 01:43:55,880 basehttp 2351 128516620281536 "GET /static/css/main.css HTTP/1.1" 200 7796
INFO 2026-02-20 01:43:57,288 basehttp 2351 128516603496128 "GET /portal/rooms/ HTTP/1.1" 200 18046
INFO 2026-02-20 01:43:57,744 basehttp 2351 128516595103424 "GET /static/css/main.css HTTP/1.1" 304 0
INFO 2026-02-20 01:44:03,997 basehttp 2351 128516586710720 "GET /healthz/ HTTP/1.1" 200 34
INFO 2026-02-20 01:44:07,333 basehttp 2351 128516714653376 "GET /home/ HTTP/1.1" 200 12451
INFO 2026-02-20 01:44:07,725 basehttp 2351 128516620281536 "GET /static/css/main.css HTTP/1.1" 304 0
INFO 2026-02-20 01:44:14,151 basehttp 2351 128516586710720 "GET /healthz/ HTTP/1.1" 200 34
INFO 2026-02-20 01:44:15,463 basehttp 2351 128516603496128 "GET /portal/rooms/ HTTP/1.1" 200 18046
INFO 2026-02-20 01:44:15,528 basehttp 2351 128516595103424 "GET /static/css/main.css HTTP/1.1" 304 0
INFO 2026-02-20 01:44:17,999 basehttp 2351 128516628674240 "GET /portal/rooms/create/?panel=1 HTTP/1.1" 200 11304
INFO 2026-02-20 01:44:24,306 basehttp 2351 128516586710720 "GET /healthz/ HTTP/1.1" 200 34
INFO 2026-02-20 01:44:25,242 basehttp 2351 128516620281536 "GET /portal/business-intelligence/ HTTP/1.1" 200 18208
INFO 2026-02-20 01:44:25,673 basehttp 2351 128516611888832 "GET /static/css/main.css HTTP/1.1" 304 0
INFO 2026-02-20 01:44:27,980 basehttp 2351 128516603496128 "GET /portal/business-intelligence/create/?panel=1 HTTP/1.1" 200 12168
INFO 2026-02-20 01:44:32,231 basehttp 2351 128516628674240 "GET /portal/forecast/ HTTP/1.1" 200 20341
INFO 2026-02-20 01:44:32,649 basehttp 2351 128516714653376 "GET /static/css/main.css HTTP/1.1" 304 0
INFO 2026-02-20 01:44:34,464 basehttp 2351 128516586710720 "GET /healthz/ HTTP/1.1" 200 34
INFO 2026-02-20 01:44:44,621 basehttp 2351 128516586710720 "GET /healthz/ HTTP/1.1" 200 34
INFO 2026-02-20 01:44:45,738 basehttp 2351 128516611888832 "GET /properties/ HTTP/1.1" 200 7109
INFO 2026-02-20 01:44:46,154 basehttp 2351 128516603496128 "GET /static/css/main.css HTTP/1.1" 304 0
INFO 2026-02-20 01:44:54,779 basehttp 2351 128516586710720 "GET /healthz/ HTTP/1.1" 200 34
INFO 2026-02-20 01:45:04,931 basehttp 2351 128516714653376 "GET /healthz/ HTTP/1.1" 200 34
INFO 2026-02-20 01:45:15,090 basehttp 2351 128516620281536 "GET /healthz/ HTTP/1.1" 200 34
INFO 2026-02-20 01:45:25,242 basehttp 2351 128516603496128 "GET /healthz/ HTTP/1.1" 200 34
INFO 2026-02-20 01:45:35,393 basehttp 2351 128516603496128 "GET /healthz/ HTTP/1.1" 200 34
INFO 2026-02-20 01:45:45,546 basehttp 2351 128516603496128 "GET /healthz/ HTTP/1.1" 200 34
INFO 2026-02-20 01:45:55,703 basehttp 2351 128516603496128 "GET /healthz/ HTTP/1.1" 200 34
